../Core/Src/main.c:64:6:HAL_UART_RxCpltCallback	24	static
../Core/Src/main.c:108:6:HAL_UART_ErrorCallback	16	static
../Core/Src/main.c:127:6:MDB_Peripheral_Init	4	static
../Core/Src/main.c:133:6:MDB_SendResponseWithModeBit	16	static
../Core/Src/main.c:138:6:MDB_HandleCommand	32	static
../Core/Src/main.c:251:5:main	8	static
../Core/Src/main.c:305:6:SystemClock_Config	88	static
../Core/Src/main.c:352:13:MX_USART1_UART_Init	8	static
../Core/Src/main.c:385:13:MX_GPIO_Init	40	static
../Core/Src/main.c:416:6:Error_Handler	4	static,ignoring_inline_asm
