../Core/Src/stm32f1xx_it.c:55:6:NMI_Handler	4	static
../Core/Src/stm32f1xx_it.c:68:6:HardFault_Handler	4	static
../Core/Src/stm32f1xx_it.c:86:6:MemManage_Handler	4	static
../Core/Src/stm32f1xx_it.c:104:6:BusFault_Handler	4	static
../Core/Src/stm32f1xx_it.c:122:6:UsageFault_Handler	4	static
../Core/Src/stm32f1xx_it.c:140:6:SVC_Handler	4	static
../Core/Src/stm32f1xx_it.c:153:6:DebugMon_Handler	4	static
../Core/Src/stm32f1xx_it.c:166:6:PendSV_Handler	4	static
../Core/Src/stm32f1xx_it.c:179:6:SysTick_Handler	8	static
../Core/Src/stm32f1xx_it.c:202:6:USB_LP_CAN1_RX0_IRQHandler	8	static
../Core/Src/stm32f1xx_it.c:216:6:USART1_IRQHandler	8	static
