Archive member included to satisfy reference by file (symbol)

/Applications/STM32CubeIDE.app/Contents/Eclipse/plugins/com.st.stm32cube.ide.mcu.externaltools.gnu-tools-for-stm32.13.3.rel1.macos64_1.0.0.202411102158/tools/bin/../lib/gcc/arm-none-eabi/13.3.1/../../../../arm-none-eabi/lib/thumb/v7-m/nofp/libc_nano.a(libc_a-exit.o)
                              /Applications/STM32CubeIDE.app/Contents/Eclipse/plugins/com.st.stm32cube.ide.mcu.externaltools.gnu-tools-for-stm32.13.3.rel1.macos64_1.0.0.202411102158/tools/bin/../lib/gcc/arm-none-eabi/13.3.1/../../../../arm-none-eabi/lib/thumb/v7-m/nofp/crt0.o (exit)
/Applications/STM32CubeIDE.app/Contents/Eclipse/plugins/com.st.stm32cube.ide.mcu.externaltools.gnu-tools-for-stm32.13.3.rel1.macos64_1.0.0.202411102158/tools/bin/../lib/gcc/arm-none-eabi/13.3.1/../../../../arm-none-eabi/lib/thumb/v7-m/nofp/libc_nano.a(libc_a-findfp.o)
                              /Applications/STM32CubeIDE.app/Contents/Eclipse/plugins/com.st.stm32cube.ide.mcu.externaltools.gnu-tools-for-stm32.13.3.rel1.macos64_1.0.0.202411102158/tools/bin/../lib/gcc/arm-none-eabi/13.3.1/../../../../arm-none-eabi/lib/thumb/v7-m/nofp/libc_nano.a(libc_a-exit.o) (__stdio_exit_handler)
/Applications/STM32CubeIDE.app/Contents/Eclipse/plugins/com.st.stm32cube.ide.mcu.externaltools.gnu-tools-for-stm32.13.3.rel1.macos64_1.0.0.202411102158/tools/bin/../lib/gcc/arm-none-eabi/13.3.1/../../../../arm-none-eabi/lib/thumb/v7-m/nofp/libc_nano.a(libc_a-fwalk.o)
                              /Applications/STM32CubeIDE.app/Contents/Eclipse/plugins/com.st.stm32cube.ide.mcu.externaltools.gnu-tools-for-stm32.13.3.rel1.macos64_1.0.0.202411102158/tools/bin/../lib/gcc/arm-none-eabi/13.3.1/../../../../arm-none-eabi/lib/thumb/v7-m/nofp/libc_nano.a(libc_a-findfp.o) (_fwalk_sglue)
/Applications/STM32CubeIDE.app/Contents/Eclipse/plugins/com.st.stm32cube.ide.mcu.externaltools.gnu-tools-for-stm32.13.3.rel1.macos64_1.0.0.202411102158/tools/bin/../lib/gcc/arm-none-eabi/13.3.1/../../../../arm-none-eabi/lib/thumb/v7-m/nofp/libc_nano.a(libc_a-memset.o)
                              /Applications/STM32CubeIDE.app/Contents/Eclipse/plugins/com.st.stm32cube.ide.mcu.externaltools.gnu-tools-for-stm32.13.3.rel1.macos64_1.0.0.202411102158/tools/bin/../lib/gcc/arm-none-eabi/13.3.1/../../../../arm-none-eabi/lib/thumb/v7-m/nofp/crt0.o (memset)
/Applications/STM32CubeIDE.app/Contents/Eclipse/plugins/com.st.stm32cube.ide.mcu.externaltools.gnu-tools-for-stm32.13.3.rel1.macos64_1.0.0.202411102158/tools/bin/../lib/gcc/arm-none-eabi/13.3.1/../../../../arm-none-eabi/lib/thumb/v7-m/nofp/libc_nano.a(libc_a-errno.o)
                              ./Core/Src/syscalls.o (__errno)
/Applications/STM32CubeIDE.app/Contents/Eclipse/plugins/com.st.stm32cube.ide.mcu.externaltools.gnu-tools-for-stm32.13.3.rel1.macos64_1.0.0.202411102158/tools/bin/../lib/gcc/arm-none-eabi/13.3.1/../../../../arm-none-eabi/lib/thumb/v7-m/nofp/libc_nano.a(libc_a-init.o)
                              /Applications/STM32CubeIDE.app/Contents/Eclipse/plugins/com.st.stm32cube.ide.mcu.externaltools.gnu-tools-for-stm32.13.3.rel1.macos64_1.0.0.202411102158/tools/bin/../lib/gcc/arm-none-eabi/13.3.1/../../../../arm-none-eabi/lib/thumb/v7-m/nofp/crt0.o (__libc_init_array)
/Applications/STM32CubeIDE.app/Contents/Eclipse/plugins/com.st.stm32cube.ide.mcu.externaltools.gnu-tools-for-stm32.13.3.rel1.macos64_1.0.0.202411102158/tools/bin/../lib/gcc/arm-none-eabi/13.3.1/../../../../arm-none-eabi/lib/thumb/v7-m/nofp/libc_nano.a(libc_a-lock.o)
                              /Applications/STM32CubeIDE.app/Contents/Eclipse/plugins/com.st.stm32cube.ide.mcu.externaltools.gnu-tools-for-stm32.13.3.rel1.macos64_1.0.0.202411102158/tools/bin/../lib/gcc/arm-none-eabi/13.3.1/../../../../arm-none-eabi/lib/thumb/v7-m/nofp/libc_nano.a(libc_a-findfp.o) (__retarget_lock_init_recursive)
/Applications/STM32CubeIDE.app/Contents/Eclipse/plugins/com.st.stm32cube.ide.mcu.externaltools.gnu-tools-for-stm32.13.3.rel1.macos64_1.0.0.202411102158/tools/bin/../lib/gcc/arm-none-eabi/13.3.1/../../../../arm-none-eabi/lib/thumb/v7-m/nofp/libc_nano.a(libc_a-impure.o)
                              /Applications/STM32CubeIDE.app/Contents/Eclipse/plugins/com.st.stm32cube.ide.mcu.externaltools.gnu-tools-for-stm32.13.3.rel1.macos64_1.0.0.202411102158/tools/bin/../lib/gcc/arm-none-eabi/13.3.1/../../../../arm-none-eabi/lib/thumb/v7-m/nofp/libc_nano.a(libc_a-errno.o) (_impure_ptr)
/Applications/STM32CubeIDE.app/Contents/Eclipse/plugins/com.st.stm32cube.ide.mcu.externaltools.gnu-tools-for-stm32.13.3.rel1.macos64_1.0.0.202411102158/tools/bin/../lib/gcc/arm-none-eabi/13.3.1/../../../../arm-none-eabi/lib/thumb/v7-m/nofp/libc_nano.a(libc_a-mallocr.o)
                              /Applications/STM32CubeIDE.app/Contents/Eclipse/plugins/com.st.stm32cube.ide.mcu.externaltools.gnu-tools-for-stm32.13.3.rel1.macos64_1.0.0.202411102158/tools/bin/../lib/gcc/arm-none-eabi/13.3.1/../../../../arm-none-eabi/lib/thumb/v7-m/nofp/libc_nano.a(libc_a-findfp.o) (_malloc_r)
[...]
Memory Configuration

Name             Origin             Length             Attributes
RAM              0x20000000         0x00005000         xrw
FLASH            0x08000000         0x00010000         xr
*default*        0x00000000         0xffffffff

Linker script and memory map

LOAD /Applications/STM32CubeIDE.app/Contents/Eclipse/plugins/com.st.stm32cube.ide.mcu.externaltools.gnu-tools-for-stm32.13.3.rel1.macos64_1.0.0.202411102158/tools/bin/../lib/gcc/arm-none-eabi/13.3.1/thumb/v7-m/nofp/crti.o
LOAD /Applications/STM32CubeIDE.app/Contents/Eclipse/plugins/com.st.stm32cube.ide.mcu.externaltools.gnu-tools-for-stm32.13.3.rel1.macos64_1.0.0.202411102158/tools/bin/../lib/gcc/arm-none-eabi/13.3.1/thumb/v7-m/nofp/crtbegin.o
LOAD /Applications/STM32CubeIDE.app/Contents/Eclipse/plugins/com.st.stm32cube.ide.mcu.externaltools.gnu-tools-for-stm32.13.3.rel1.macos64_1.0.0.202411102158/tools/bin/../lib/gcc/arm-none-eabi/13.3.1/../../../../arm-none-eabi/lib/thumb/v7-m/nofp/crt0.o
LOAD ./Core/Src/CMDS.o
LOAD ./Core/Src/bill_validator.o
LOAD ./Core/Src/gpio.o
LOAD ./Core/Src/main.o
LOAD ./Core/Src/stm32f1xx_hal_msp.o
LOAD ./Core/Src/stm32f1xx_it.o
LOAD ./Core/Src/syscalls.o
LOAD ./Core/Src/sysmem.o
LOAD ./Core/Src/system_stm32f1xx.o
LOAD ./Core/Src/usart.o
LOAD ./Core/Startup/startup_stm32f103c8tx.o
LOAD ./Drivers/STM32F1xx_HAL_Driver/Src/stm32f1xx_hal.o
LOAD ./Drivers/STM32F1xx_HAL_Driver/Src/stm32f1xx_hal_cortex.o
LOAD ./Drivers/STM32F1xx_HAL_Driver/Src/stm32f1xx_hal_dma.o
LOAD ./Drivers/STM32F1xx_HAL_Driver/Src/stm32f1xx_hal_flash.o
LOAD ./Drivers/STM32F1xx_HAL_Driver/Src/stm32f1xx_hal_flash_ex.o
LOAD ./Drivers/STM32F1xx_HAL_Driver/Src/stm32f1xx_hal_gpio.o
LOAD ./Drivers/STM32F1xx_HAL_Driver/Src/stm32f1xx_hal_gpio_ex.o
LOAD ./Drivers/STM32F1xx_HAL_Driver/Src/stm32f1xx_hal_pcd.o
LOAD ./Drivers/STM32F1xx_HAL_Driver/Src/stm32f1xx_hal_pcd_ex.o
LOAD ./Drivers/STM32F1xx_HAL_Driver/Src/stm32f1xx_hal_pwr.o
LOAD ./Drivers/STM32F1xx_HAL_Driver/Src/stm32f1xx_hal_rcc.o
LOAD ./Drivers/STM32F1xx_HAL_Driver/Src/stm32f1xx_hal_rcc_ex.o
LOAD ./Drivers/STM32F1xx_HAL_Driver/Src/stm32f1xx_hal_tim.o
LOAD ./Drivers/STM32F1xx_HAL_Driver/Src/stm32f1xx_hal_tim_ex.o
LOAD ./Drivers/STM32F1xx_HAL_Driver/Src/stm32f1xx_hal_uart.o
LOAD ./Drivers/STM32F1xx_HAL_Driver/Src/stm32f1xx_ll_usb.o
LOAD ./Middlewares/ST/STM32_USB_Device_Library/Class/CDC/Src/usbd_cdc.o
LOAD ./Middlewares/ST/STM32_USB_Device_Library/Core/Src/usbd_core.o
LOAD ./Middlewares/ST/STM32_USB_Device_Library/Core/Src/usbd_ctlreq.o
LOAD ./Middlewares/ST/STM32_USB_Device_Library/Core/Src/usbd_ioreq.o
LOAD ./USB_DEVICE/App/usb_device.o
LOAD ./USB_DEVICE/App/usbd_cdc_if.o
LOAD ./USB_DEVICE/App/usbd_desc.o
LOAD ./USB_DEVICE/Target/usbd_conf.o
START GROUP
LOAD /Applications/STM32CubeIDE.app/Contents/Eclipse/plugins/com.st.stm32cube.ide.mcu.externaltools.gnu-tools-for-stm32.13.3.rel1.macos64_1.0.0.202411102158/tools/bin/../lib/gcc/arm-none-eabi/13.3.1/../../../../arm-none-eabi/lib/thumb/v7-m/nofp/libstdc++_nano.a
LOAD /Applications/STM32CubeIDE.app/Contents/Eclipse/plugins/com.st.stm32cube.ide.mcu.externaltools.gnu-tools-for-stm32.13.3.rel1.macos64_1.0.0.202411102158/tools/bin/../lib/gcc/arm-none-eabi/13.3.1/../../../../arm-none-eabi/lib/thumb/v7-m/nofp/libsupc++_nano.a
END GROUP
LOAD /Applications/STM32CubeIDE.app/Contents/Eclipse/plugins/com.st.stm32cube.ide.mcu.externaltools.gnu-tools-for-stm32.13.3.rel1.macos64_1.0.0.202411102158/tools/bin/../lib/gcc/arm-none-eabi/13.3.1/../../../../arm-none-eabi/lib/thumb/v7-m/nofp/libstdc++_nano.a
LOAD /Applications/STM32CubeIDE.app/Contents/Eclipse/plugins/com.st.stm32cube.ide.mcu.externaltools.gnu-tools-for-stm32.13.3.rel1.macos64_1.0.0.202411102158/tools/bin/../lib/gcc/arm-none-eabi/13.3.1/../../../../arm-none-eabi/lib/thumb/v7-m/nofp/libm.a
LOAD /Applications/STM32CubeIDE.app/Contents/Eclipse/plugins/com.st.stm32cube.ide.mcu.externaltools.gnu-tools-for-stm32.13.3.rel1.macos64_1.0.0.202411102158/tools/bin/../lib/gcc/arm-none-eabi/13.3.1/../../../../arm-none-eabi/lib/thumb/v7-m/nofp/libc_nano.a
START GROUP
LOAD /Applications/STM32CubeIDE.app/Contents/Eclipse/plugins/com.st.stm32cube.ide.mcu.externaltools.gnu-tools-for-stm32.13.3.rel1.macos64_1.0.0.202411102158/tools/bin/../lib/gcc/arm-none-eabi/13.3.1/thumb/v7-m/nofp/libgcc.a
LOAD /Applications/STM32CubeIDE.app/Contents/Eclipse/plugins/com.st.stm32cube.ide.mcu.externaltools.gnu-tools-for-stm32.13.3.rel1.macos64_1.0.0.202411102158/tools/bin/../lib/gcc/arm-none-eabi/13.3.1/../../../../arm-none-eabi/lib/thumb/v7-m/nofp/libc_nano.a
END GROUP
START GROUP
LOAD /Applications/STM32CubeIDE.app/Contents/Eclipse/plugins/com.st.stm32cube.ide.mcu.externaltools.gnu-tools-for-stm32.13.3.rel1.macos64_1.0.0.202411102158/tools/bin/../lib/gcc/arm-none-eabi/13.3.1/thumb/v7-m/nofp/libgcc.a
LOAD /Applications/STM32CubeIDE.app/Contents/Eclipse/plugins/com.st.stm32cube.ide.mcu.externaltools.gnu-tools-for-stm32.13.3.rel1.macos64_1.0.0.202411102158/tools/bin/../lib/gcc/arm-none-eabi/13.3.1/../../../../arm-none-eabi/lib/thumb/v7-m/nofp/libc_nano.a
LOAD /Applications/STM32CubeIDE.app/Contents/Eclipse/plugins/com.st.stm32cube.ide.mcu.externaltools.gnu-tools-for-stm32.13.3.rel1.macos64_1.0.0.202411102158/tools/bin/../lib/gcc/arm-none-eabi/13.3.1/../../../../arm-none-eabi/lib/thumb/v7-m/nofp/libnosys.a
END GROUP
START GROUP
LOAD /Applications/STM32CubeIDE.app/Contents/Eclipse/plugins/com.st.stm32cube.ide.mcu.externaltools.gnu-tools-for-stm32.13.3.rel1.macos64_1.0.0.202411102158/tools/bin/../lib/gcc/arm-none-eabi/13.3.1/thumb/v7-m/nofp/libgcc.a
LOAD /Applications/STM32CubeIDE.app/Contents/Eclipse/plugins/com.st.stm32cube.ide.mcu.externaltools.gnu-tools-for-stm32.13.3.rel1.macos64_1.0.0.202411102158/tools/bin/../lib/gcc/arm-none-eabi/13.3.1/../../../../arm-none-eabi/lib/thumb/v7-m/nofp/libc_nano.a
LOAD /Applications/STM32CubeIDE.app/Contents/Eclipse/plugins/com.st.stm32cube.ide.mcu.externaltools.gnu-tools-for-stm32.13.3.rel1.macos64_1.0.0.202411102158/tools/bin/../lib/gcc/arm-none-eabi/13.3.1/../../../../arm-none-eabi/lib/thumb/v7-m/nofp/libnosys.a
END GROUP
LOAD /Applications/STM32CubeIDE.app/Contents/Eclipse/plugins/com.st.stm32cube.ide.mcu.externaltools.gnu-tools-for-stm32.13.3.rel1.macos64_1.0.0.202411102158/tools/bin/../lib/gcc/arm-none-eabi/13.3.1/thumb/v7-m/nofp/crtend.o
LOAD /Applications/STM32CubeIDE.app/Contents/Eclipse/plugins/com.st.stm32cube.ide.mcu.externaltools.gnu-tools-for-stm32.13.3.rel1.macos64_1.0.0.202411102158/tools/bin/../lib/gcc/arm-none-eabi/13.3.1/thumb/v7-m/nofp/crtn.o
                0x20005000                        _estack = (ORIGIN (RAM) + LENGTH (RAM))
                0x00000200                        _Min_Heap_Size = 0x200
                0x00000400                        _Min_Stack_Size = 0x400

.isr_vector     0x08000000      0x10c
                0x08000000                        . = ALIGN (0x4)
 *(.isr_vector)
 .isr_vector    0x08000000      0x10c ./Core/Startup/startup_stm32f103c8tx.o
                0x08000000                g_pfnVectors
                0x0800010c                        . = ALIGN (0x4)

.text           0x0800010c     0x6728
                0x0800010c                        . = ALIGN (0x4)
 *(.text)
 .text          0x0800010c       0x40 /Applications/STM32CubeIDE.app/Contents/Eclipse/plugins/com.st.stm32cube.ide.mcu.externaltools.gnu-tools-for-stm32.13.3.rel1.macos64_1.0.0.202411102158/tools/bin/../lib/gcc/arm-none-eabi/13.3.1/thumb/v7-m/nofp/crtbegin.o
 *(.text*)
 .text.MX_GPIO_Init
                0x0800014c      0x134 ./Core/Src/gpio.o
                0x0800014c                MX_GPIO_Init
 .text.CDC_Break_Callback
                0x08000280       0x18 ./Core/Src/main.o
                0x08000280                CDC_Break_Callback
 .text.CDC_Receive_Callback
                0x08000298       0x14 ./Core/Src/main.o
                0x08000298                CDC_Receive_Callback
 .text.HAL_UART_RxCpltCallback
                0x080002ac       0xfc ./Core/Src/main.o
                0x080002ac                HAL_UART_RxCpltCallback
 .text.HAL_UART_ErrorCallback
                0x080003a8       0x54 ./Core/Src/main.o
                0x080003a8                HAL_UART_ErrorCallback
 .text.MDB_Peripheral_Init
                0x080003fc       0x1c ./Core/Src/main.o
                0x080003fc                MDB_Peripheral_Init
 .text.MDB_SendResponseWithModeBit
                0x08000418       0x28 ./Core/Src/main.o
                0x08000418                MDB_SendResponseWithModeBit
 .text.MDB_HandleCommand
                0x08000440      0x238 ./Core/Src/main.o
                0x08000440                MDB_HandleCommand
 .text.main     0x08000678       0x50 ./Core/Src/main.o
                0x08000678                main
 .text.SystemClock_Config
                0x080006c8       0xcc ./Core/Src/main.o
                0x080006c8                SystemClock_Config
 .text._Error_Handler
                0x08000794        0xe ./Core/Src/main.o
                0x08000794                _Error_Handler
 .text.assert_failed
                0x080007a2       0x14 ./Core/Src/main.o
                0x080007a2                assert_failed
 *fill*         0x080007b6        0x2 
 .text.HAL_MspInit
                0x080007b8       0xbc ./Core/Src/stm32f1xx_hal_msp.o
                0x080007b8                HAL_MspInit
 .text.NMI_Handler
                0x08000874        0xc ./Core/Src/stm32f1xx_it.o
                0x08000874                NMI_Handler
 .text.HardFault_Handler
                0x08000880        0x8 ./Core/Src/stm32f1xx_it.o
                0x08000880                HardFault_Handler
 .text.MemManage_Handler
                0x08000888        0x8 ./Core/Src/stm32f1xx_it.o
                0x08000888                MemManage_Handler
 .text.BusFault_Handler
                0x08000890        0x8 ./Core/Src/stm32f1xx_it.o
                0x08000890                BusFault_Handler
 .text.UsageFault_Handler
                0x08000898        0x8 ./Core/Src/stm32f1xx_it.o
                0x08000898                UsageFault_Handler
 .text.SVC_Handler
                0x080008a0        0xc ./Core/Src/stm32f1xx_it.o
                0x080008a0                SVC_Handler
 .text.DebugMon_Handler
                0x080008ac        0xc ./Core/Src/stm32f1xx_it.o
                0x080008ac                DebugMon_Handler
 .text.PendSV_Handler
                0x080008b8        0xc ./Core/Src/stm32f1xx_it.o
                0x080008b8                PendSV_Handler
 .text.SysTick_Handler
                0x080008c4       0x48 ./Core/Src/stm32f1xx_it.o
                0x080008c4                SysTick_Handler
 .text.USB_LP_CAN1_RX0_IRQHandler
                0x0800090c       0x14 ./Core/Src/stm32f1xx_it.o
                0x0800090c                USB_LP_CAN1_RX0_IRQHandler
 .text.USART1_IRQHandler
                0x08000920       0x14 ./Core/Src/stm32f1xx_it.o
                0x08000920                USART1_IRQHandler
 .text.SystemInit
                0x08000934       0x68 ./Core/Src/system_stm32f1xx.o
                0x08000934                SystemInit
 .text.MX_USART1_UART_Init
                0x0800099c       0x5c ./Core/Src/usart.o
                0x0800099c                MX_USART1_UART_Init
 .text.HAL_UART_MspInit
                0x080009f8       0x84 ./Core/Src/usart.o
                0x080009f8                HAL_UART_MspInit
 .text.Reset_Handler
                0x08000a7c       0x48 ./Core/Startup/startup_stm32f103c8tx.o
                0x08000a7c                Reset_Handler
 .text.Default_Handler
                0x08000ac4        0x2 ./Core/Startup/startup_stm32f103c8tx.o
                0x08000ac4                USBWakeUp_IRQHandler
                0x08000ac4                EXTI2_IRQHandler
                0x08000ac4                TIM1_CC_IRQHandler
                0x08000ac4                PVD_IRQHandler
                0x08000ac4                EXTI3_IRQHandler
                0x08000ac4                EXTI0_IRQHandler
                0x08000ac4                I2C2_EV_IRQHandler
                0x08000ac4                ADC1_2_IRQHandler
                0x08000ac4                SPI1_IRQHandler
                0x08000ac4                TAMPER_IRQHandler
                0x08000ac4                DMA1_Channel4_IRQHandler
                0x08000ac4                USART3_IRQHandler
                0x08000ac4                RTC_IRQHandler
                0x08000ac4                DMA1_Channel7_IRQHandler
                0x08000ac4                CAN1_RX1_IRQHandler
                0x08000ac4                TIM4_IRQHandler
                0x08000ac4                I2C1_EV_IRQHandler
                0x08000ac4                DMA1_Channel6_IRQHandler
                0x08000ac4                TIM3_IRQHandler
                0x08000ac4                RCC_IRQHandler
                0x08000ac4                TIM1_TRG_COM_IRQHandler
                0x08000ac4                DMA1_Channel1_IRQHandler
                0x08000ac4                Default_Handler
                0x08000ac4                EXTI15_10_IRQHandler
                0x08000ac4                EXTI9_5_IRQHandler
                0x08000ac4                SPI2_IRQHandler
                0x08000ac4                DMA1_Channel5_IRQHandler
                0x08000ac4                EXTI4_IRQHandler
                0x08000ac4                USB_HP_CAN1_TX_IRQHandler
                0x08000ac4                DMA1_Channel3_IRQHandler
                0x08000ac4                TIM1_UP_IRQHandler
                0x08000ac4                WWDG_IRQHandler
                0x08000ac4                TIM2_IRQHandler
                0x08000ac4                TIM1_BRK_IRQHandler
                0x08000ac4                EXTI1_IRQHandler
                0x08000ac4                USART2_IRQHandler
                0x08000ac4                I2C2_ER_IRQHandler
                0x08000ac4                DMA1_Channel2_IRQHandler
                0x08000ac4                CAN1_SCE_IRQHandler
                0x08000ac4                FLASH_IRQHandler
                0x08000ac4                I2C1_ER_IRQHandler
                0x08000ac4                RTC_Alarm_IRQHandler
 *fill*         0x08000ac6        0x2 
 .text.HAL_Init
                0x08000ac8       0x2c ./Drivers/STM32F1xx_HAL_Driver/Src/stm32f1xx_hal.o
                0x08000ac8                HAL_Init
 .text.HAL_InitTick
                0x08000af4       0x60 ./Drivers/STM32F1xx_HAL_Driver/Src/stm32f1xx_hal.o
                0x08000af4                HAL_InitTick
 .text.HAL_IncTick
                0x08000b54       0x24 ./Drivers/STM32F1xx_HAL_Driver/Src/stm32f1xx_hal.o
                0x08000b54                HAL_IncTick
 .text.HAL_GetTick
                0x08000b78       0x14 ./Drivers/STM32F1xx_HAL_Driver/Src/stm32f1xx_hal.o
                0x08000b78                HAL_GetTick
 .text.__NVIC_SetPriorityGrouping
                0x08000b8c       0x48 ./Drivers/STM32F1xx_HAL_Driver/Src/stm32f1xx_hal_cortex.o
 .text.__NVIC_GetPriorityGrouping
                0x08000bd4       0x1c ./Drivers/STM32F1xx_HAL_Driver/Src/stm32f1xx_hal_cortex.o
 .text.__NVIC_EnableIRQ
                0x08000bf0       0x38 ./Drivers/STM32F1xx_HAL_Driver/Src/stm32f1xx_hal_cortex.o
 .text.__NVIC_SetPriority
                0x08000c28       0x54 ./Drivers/STM32F1xx_HAL_Driver/Src/stm32f1xx_hal_cortex.o
 .text.NVIC_EncodePriority
                0x08000c7c       0x64 ./Drivers/STM32F1xx_HAL_Driver/Src/stm32f1xx_hal_cortex.o
 .text.SysTick_Config
                0x08000ce0       0x44 ./Drivers/STM32F1xx_HAL_Driver/Src/stm32f1xx_hal_cortex.o
 .text.HAL_NVIC_SetPriorityGrouping
                0x08000d24       0x40 ./Drivers/STM32F1xx_HAL_Driver/Src/stm32f1xx_hal_cortex.o
                0x08000d24                HAL_NVIC_SetPriorityGrouping
 .text.HAL_NVIC_SetPriority
                0x08000d64       0x58 ./Drivers/STM32F1xx_HAL_Driver/Src/stm32f1xx_hal_cortex.o
                0x08000d64                HAL_NVIC_SetPriority
 .text.HAL_NVIC_EnableIRQ
                0x08000dbc       0x30 ./Drivers/STM32F1xx_HAL_Driver/Src/stm32f1xx_hal_cortex.o
                0x08000dbc                HAL_NVIC_EnableIRQ
 .text.HAL_SYSTICK_Config
                0x08000dec       0x18 ./Drivers/STM32F1xx_HAL_Driver/Src/stm32f1xx_hal_cortex.o
                0x08000dec                HAL_SYSTICK_Config
 .text.HAL_SYSTICK_CLKSourceConfig
                0x08000e04       0x50 ./Drivers/STM32F1xx_HAL_Driver/Src/stm32f1xx_hal_cortex.o
                0x08000e04                HAL_SYSTICK_CLKSourceConfig
 .text.HAL_SYSTICK_IRQHandler
                0x08000e54        0xc ./Drivers/STM32F1xx_HAL_Driver/Src/stm32f1xx_hal_cortex.o
                0x08000e54                HAL_SYSTICK_IRQHandler
 .text.HAL_SYSTICK_Callback
                0x08000e60        0xc ./Drivers/STM32F1xx_HAL_Driver/Src/stm32f1xx_hal_cortex.o
                0x08000e60                HAL_SYSTICK_Callback
 .text.HAL_DMA_Abort_IT
                0x08000e6c       0xec ./Drivers/STM32F1xx_HAL_Driver/Src/stm32f1xx_hal_dma.o
                0x08000e6c                HAL_DMA_Abort_IT
 .text.HAL_GPIO_Init
                0x08000f58      0x4d0 ./Drivers/STM32F1xx_HAL_Driver/Src/stm32f1xx_hal_gpio.o
                0x08000f58                HAL_GPIO_Init
 .text.HAL_GPIO_ReadPin
                0x08001428       0x40 ./Drivers/STM32F1xx_HAL_Driver/Src/stm32f1xx_hal_gpio.o
                0x08001428                HAL_GPIO_ReadPin
 .text.HAL_GPIO_WritePin
                0x08001468       0x58 ./Drivers/STM32F1xx_HAL_Driver/Src/stm32f1xx_hal_gpio.o
                0x08001468                HAL_GPIO_WritePin
 .text.HAL_PCD_Init
                0x080014c0      0x1d0 ./Drivers/STM32F1xx_HAL_Driver/Src/stm32f1xx_hal_pcd.o
                0x080014c0                HAL_PCD_Init
 .text.HAL_PCD_Start
                0x08001690       0x4c ./Drivers/STM32F1xx_HAL_Driver/Src/stm32f1xx_hal_pcd.o
                0x08001690                HAL_PCD_Start
 .text.HAL_PCD_IRQHandler
                0x080016dc      0x204 ./Drivers/STM32F1xx_HAL_Driver/Src/stm32f1xx_hal_pcd.o
                0x080016dc                HAL_PCD_IRQHandler
 .text.HAL_PCD_SetAddress
                0x080018e0       0x4a ./Drivers/STM32F1xx_HAL_Driver/Src/stm32f1xx_hal_pcd.o
                0x080018e0                HAL_PCD_SetAddress
 .text.HAL_PCD_EP_Open
                0x0800192a       0xaa ./Drivers/STM32F1xx_HAL_Driver/Src/stm32f1xx_hal_pcd.o
                0x0800192a                HAL_PCD_EP_Open
 .text.HAL_PCD_EP_Close
                0x080019d4       0x8c ./Drivers/STM32F1xx_HAL_Driver/Src/stm32f1xx_hal_pcd.o
                0x080019d4                HAL_PCD_EP_Close
 .text.HAL_PCD_EP_Receive
                0x08001a60       0x78 ./Drivers/STM32F1xx_HAL_Driver/Src/stm32f1xx_hal_pcd.o
                0x08001a60                HAL_PCD_EP_Receive
 .text.HAL_PCD_EP_GetRxCount
                0x08001ad8       0x2a ./Drivers/STM32F1xx_HAL_Driver/Src/stm32f1xx_hal_pcd.o
                0x08001ad8                HAL_PCD_EP_GetRxCount
 .text.HAL_PCD_EP_Transmit
                0x08001b02       0x76 ./Drivers/STM32F1xx_HAL_Driver/Src/stm32f1xx_hal_pcd.o
                0x08001b02                HAL_PCD_EP_Transmit
 .text.HAL_PCD_EP_SetStall
                0x08001b78       0xaa ./Drivers/STM32F1xx_HAL_Driver/Src/stm32f1xx_hal_pcd.o
                0x08001b78                HAL_PCD_EP_SetStall
 .text.HAL_PCD_EP_ClrStall
                0x08001c22       0x8e ./Drivers/STM32F1xx_HAL_Driver/Src/stm32f1xx_hal_pcd.o
                0x08001c22                HAL_PCD_EP_ClrStall
 .text.PCD_EP_ISR_Handler
                0x08001cb0      0x650 ./Drivers/STM32F1xx_HAL_Driver/Src/stm32f1xx_hal_pcd.o
 .text.HAL_PCDEx_PMAConfig
                0x08002300       0x7a ./Drivers/STM32F1xx_HAL_Driver/Src/stm32f1xx_hal_pcd_ex.o
                0x08002300                HAL_PCDEx_PMAConfig
 *fill*         0x0800237a        0x2 
 .text.HAL_RCC_OscConfig
                0x0800237c      0x6bc ./Drivers/STM32F1xx_HAL_Driver/Src/stm32f1xx_hal_rcc.o
                0x0800237c                HAL_RCC_OscConfig
 .text.HAL_RCC_ClockConfig
                0x08002a38      0x344 ./Drivers/STM32F1xx_HAL_Driver/Src/stm32f1xx_hal_rcc.o
                0x08002a38                HAL_RCC_ClockConfig
 .text.HAL_RCC_GetSysClockFreq
                0x08002d7c       0xbc ./Drivers/STM32F1xx_HAL_Driver/Src/stm32f1xx_hal_rcc.o
                0x08002d7c                HAL_RCC_GetSysClockFreq
 .text.HAL_RCC_GetHCLKFreq
                0x08002e38       0x14 ./Drivers/STM32F1xx_HAL_Driver/Src/stm32f1xx_hal_rcc.o
                0x08002e38                HAL_RCC_GetHCLKFreq
 .text.HAL_RCC_GetPCLK1Freq
                0x08002e4c       0x28 ./Drivers/STM32F1xx_HAL_Driver/Src/stm32f1xx_hal_rcc.o
                0x08002e4c                HAL_RCC_GetPCLK1Freq
 .text.HAL_RCC_GetPCLK2Freq
                0x08002e74       0x28 ./Drivers/STM32F1xx_HAL_Driver/Src/stm32f1xx_hal_rcc.o
                0x08002e74                HAL_RCC_GetPCLK2Freq
 .text.RCC_Delay
                0x08002e9c       0x3c ./Drivers/STM32F1xx_HAL_Driver/Src/stm32f1xx_hal_rcc.o
 .text.HAL_RCCEx_PeriphCLKConfig
                0x08002ed8      0x214 ./Drivers/STM32F1xx_HAL_Driver/Src/stm32f1xx_hal_rcc_ex.o
                0x08002ed8                HAL_RCCEx_PeriphCLKConfig
 .text.HAL_UART_Init
                0x080030ec      0x150 ./Drivers/STM32F1xx_HAL_Driver/Src/stm32f1xx_hal_uart.o
                0x080030ec                HAL_UART_Init
 .text.HAL_UART_Transmit_IT
                0x0800323c       0x88 ./Drivers/STM32F1xx_HAL_Driver/Src/stm32f1xx_hal_uart.o
                0x0800323c                HAL_UART_Transmit_IT
 .text.HAL_UART_Receive_IT
                0x080032c4       0xa8 ./Drivers/STM32F1xx_HAL_Driver/Src/stm32f1xx_hal_uart.o
                0x080032c4                HAL_UART_Receive_IT
 .text.HAL_UART_IRQHandler
                0x0800336c      0x1f4 ./Drivers/STM32F1xx_HAL_Driver/Src/stm32f1xx_hal_uart.o
                0x0800336c                HAL_UART_IRQHandler
 .text.HAL_UART_TxCpltCallback
                0x08003560       0x12 ./Drivers/STM32F1xx_HAL_Driver/Src/stm32f1xx_hal_uart.o
                0x08003560                HAL_UART_TxCpltCallback
 .text.UART_EndRxTransfer
                0x08003572       0x3a ./Drivers/STM32F1xx_HAL_Driver/Src/stm32f1xx_hal_uart.o
 .text.UART_DMAAbortOnError
                0x080035ac       0x28 ./Drivers/STM32F1xx_HAL_Driver/Src/stm32f1xx_hal_uart.o
 .text.UART_Transmit_IT
                0x080035d4       0xaa ./Drivers/STM32F1xx_HAL_Driver/Src/stm32f1xx_hal_uart.o
 .text.UART_EndTransmit_IT
                0x0800367e       0x30 ./Drivers/STM32F1xx_HAL_Driver/Src/stm32f1xx_hal_uart.o
 .text.UART_Receive_IT
                0x080036ae      0x102 ./Drivers/STM32F1xx_HAL_Driver/Src/stm32f1xx_hal_uart.o
 .text.UART_SetConfig
                0x080037b0      0x2ac ./Drivers/STM32F1xx_HAL_Driver/Src/stm32f1xx_hal_uart.o
 .text.USB_CoreInit
                0x08003a5c       0x20 ./Drivers/STM32F1xx_HAL_Driver/Src/stm32f1xx_ll_usb.o
                0x08003a5c                USB_CoreInit
 .text.USB_EnableGlobalInt
                0x08003a7c       0x34 ./Drivers/STM32F1xx_HAL_Driver/Src/stm32f1xx_ll_usb.o
                0x08003a7c                USB_EnableGlobalInt
 .text.USB_DisableGlobalInt
                0x08003ab0       0x38 ./Drivers/STM32F1xx_HAL_Driver/Src/stm32f1xx_ll_usb.o
                0x08003ab0                USB_DisableGlobalInt
 .text.USB_SetCurrentMode
                0x08003ae8       0x18 ./Drivers/STM32F1xx_HAL_Driver/Src/stm32f1xx_ll_usb.o
                0x08003ae8                USB_SetCurrentMode
 .text.USB_DevInit
                0x08003b00       0x48 ./Drivers/STM32F1xx_HAL_Driver/Src/stm32f1xx_ll_usb.o
                0x08003b00                USB_DevInit
 .text.USB_ActivateEndpoint
                0x08003b48      0x58c ./Drivers/STM32F1xx_HAL_Driver/Src/stm32f1xx_ll_usb.o
                0x08003b48                USB_ActivateEndpoint
 .text.USB_DeactivateEndpoint
                0x080040d4      0x310 ./Drivers/STM32F1xx_HAL_Driver/Src/stm32f1xx_ll_usb.o
                0x080040d4                USB_DeactivateEndpoint
 .text.USB_EPStartXfer
                0x080043e4      0x504 ./Drivers/STM32F1xx_HAL_Driver/Src/stm32f1xx_ll_usb.o
                0x080043e4                USB_EPStartXfer
 .text.USB_EPSetStall
                0x080048e8       0xc0 ./Drivers/STM32F1xx_HAL_Driver/Src/stm32f1xx_ll_usb.o
                0x080048e8                USB_EPSetStall
 .text.USB_EPClearStall
                0x080049a8      0x114 ./Drivers/STM32F1xx_HAL_Driver/Src/stm32f1xx_ll_usb.o
                0x080049a8                USB_EPClearStall
 .text.USB_SetDevAddress
                0x08004abc       0x26 ./Drivers/STM32F1xx_HAL_Driver/Src/stm32f1xx_ll_usb.o
                0x08004abc                USB_SetDevAddress
 .text.USB_DevConnect
                0x08004ae2       0x14 ./Drivers/STM32F1xx_HAL_Driver/Src/stm32f1xx_ll_usb.o
                0x08004ae2                USB_DevConnect
 .text.USB_DevDisconnect
                0x08004af6       0x14 ./Drivers/STM32F1xx_HAL_Driver/Src/stm32f1xx_ll_usb.o
                0x08004af6                USB_DevDisconnect
 .text.USB_ReadInterrupts
                0x08004b0a       0x22 ./Drivers/STM32F1xx_HAL_Driver/Src/stm32f1xx_ll_usb.o
                0x08004b0a                USB_ReadInterrupts
 .text.USB_EP0_OutStart
                0x08004b2c       0x16 ./Drivers/STM32F1xx_HAL_Driver/Src/stm32f1xx_ll_usb.o
                0x08004b2c                USB_EP0_OutStart
 .text.USB_WritePMA
                0x08004b42       0x8c ./Drivers/STM32F1xx_HAL_Driver/Src/stm32f1xx_ll_usb.o
                0x08004b42                USB_WritePMA
 .text.USB_ReadPMA
                0x08004bce       0x6c ./Drivers/STM32F1xx_HAL_Driver/Src/stm32f1xx_ll_usb.o
                0x08004bce                USB_ReadPMA
 .text.USBD_CDC_Init
                0x08004c3a       0xd2 ./Middlewares/ST/STM32_USB_Device_Library/Class/CDC/Src/usbd_cdc.o
 .text.USBD_CDC_DeInit
                0x08004d0c       0x5a ./Middlewares/ST/STM32_USB_Device_Library/Class/CDC/Src/usbd_cdc.o
 *fill*         0x08004d66        0x2 
 .text.USBD_CDC_Setup
                0x08004d68       0xbc ./Middlewares/ST/STM32_USB_Device_Library/Class/CDC/Src/usbd_cdc.o
 .text.USBD_CDC_DataIn
                0x08004e24       0x36 ./Middlewares/ST/STM32_USB_Device_Library/Class/CDC/Src/usbd_cdc.o
 .text.USBD_CDC_DataOut
                0x08004e5a       0x56 ./Middlewares/ST/STM32_USB_Device_Library/Class/CDC/Src/usbd_cdc.o
 .text.USBD_CDC_EP0_RxReady
                0x08004eb0       0x4e ./Middlewares/ST/STM32_USB_Device_Library/Class/CDC/Src/usbd_cdc.o
 *fill*         0x08004efe        0x2 
 .text.USBD_CDC_GetFSCfgDesc
                0x08004f00       0x20 ./Middlewares/ST/STM32_USB_Device_Library/Class/CDC/Src/usbd_cdc.o
 .text.USBD_CDC_GetHSCfgDesc
                0x08004f20       0x20 ./Middlewares/ST/STM32_USB_Device_Library/Class/CDC/Src/usbd_cdc.o
 .text.USBD_CDC_GetOtherSpeedCfgDesc
                0x08004f40       0x20 ./Middlewares/ST/STM32_USB_Device_Library/Class/CDC/Src/usbd_cdc.o
 .text.USBD_CDC_GetDeviceQualifierDescriptor
                0x08004f60       0x20 ./Middlewares/ST/STM32_USB_Device_Library/Class/CDC/Src/usbd_cdc.o
                0x08004f60                USBD_CDC_GetDeviceQualifierDescriptor
 .text.USBD_CDC_RegisterInterface
                0x08004f80       0x2c ./Middlewares/ST/STM32_USB_Device_Library/Class/CDC/Src/usbd_cdc.o
                0x08004f80                USBD_CDC_RegisterInterface
 .text.USBD_CDC_SetTxBuffer
                0x08004fac       0x32 ./Middlewares/ST/STM32_USB_Device_Library/Class/CDC/Src/usbd_cdc.o
                0x08004fac                USBD_CDC_SetTxBuffer
 .text.USBD_CDC_SetRxBuffer
                0x08004fde       0x26 ./Middlewares/ST/STM32_USB_Device_Library/Class/CDC/Src/usbd_cdc.o
                0x08004fde                USBD_CDC_SetRxBuffer
 .text.USBD_CDC_ReceivePacket
                0x08005004       0x54 ./Middlewares/ST/STM32_USB_Device_Library/Class/CDC/Src/usbd_cdc.o
                0x08005004                USBD_CDC_ReceivePacket
 .text.USBD_Init
                0x08005058       0x56 ./Middlewares/ST/STM32_USB_Device_Library/Core/Src/usbd_core.o
                0x08005058                USBD_Init
 .text.USBD_RegisterClass
                0x080050ae       0x32 ./Middlewares/ST/STM32_USB_Device_Library/Core/Src/usbd_core.o
                0x080050ae                USBD_RegisterClass
 .text.USBD_Start
                0x080050e0       0x18 ./Middlewares/ST/STM32_USB_Device_Library/Core/Src/usbd_core.o
                0x080050e0                USBD_Start
 .text.USBD_RunTestMode
                0x080050f8       0x14 ./Middlewares/ST/STM32_USB_Device_Library/Core/Src/usbd_core.o
                0x080050f8                USBD_RunTestMode
 .text.USBD_SetClassConfig
                0x0800510c       0x3e ./Middlewares/ST/STM32_USB_Device_Library/Core/Src/usbd_core.o
                0x0800510c                USBD_SetClassConfig
 .text.USBD_ClrClassConfig
                0x0800514a       0x26 ./Middlewares/ST/STM32_USB_Device_Library/Core/Src/usbd_core.o
                0x0800514a                USBD_ClrClassConfig
 .text.USBD_LL_SetupStage
                0x08005170       0x9a ./Middlewares/ST/STM32_USB_Device_Library/Core/Src/usbd_core.o
                0x08005170                USBD_LL_SetupStage
 .text.USBD_LL_DataOutStage
                0x0800520a       0xb6 ./Middlewares/ST/STM32_USB_Device_Library/Core/Src/usbd_core.o
                0x0800520a                USBD_LL_DataOutStage
 .text.USBD_LL_DataInStage
                0x080052c0      0x11e ./Middlewares/ST/STM32_USB_Device_Library/Core/Src/usbd_core.o
                0x080052c0                USBD_LL_DataInStage
 .text.USBD_LL_Reset
                0x080053de       0x5e ./Middlewares/ST/STM32_USB_Device_Library/Core/Src/usbd_core.o
                0x080053de                USBD_LL_Reset
 .text.USBD_LL_SetSpeed
                0x0800543c       0x1e ./Middlewares/ST/STM32_USB_Device_Library/Core/Src/usbd_core.o
                0x0800543c                USBD_LL_SetSpeed
 .text.USBD_LL_Suspend
                0x0800545a       0x28 ./Middlewares/ST/STM32_USB_Device_Library/Core/Src/usbd_core.o
                0x0800545a                USBD_LL_Suspend
 .text.USBD_LL_Resume
                0x08005482       0x20 ./Middlewares/ST/STM32_USB_Device_Library/Core/Src/usbd_core.o
                0x08005482                USBD_LL_Resume
 .text.USBD_LL_SOF
                0x080054a2       0x34 ./Middlewares/ST/STM32_USB_Device_Library/Core/Src/usbd_core.o
                0x080054a2                USBD_LL_SOF
 *fill*         0x080054d6        0x2 
 .text.USBD_StdDevReq
                0x080054d8       0xa0 ./Middlewares/ST/STM32_USB_Device_Library/Core/Src/usbd_ctlreq.o
                0x080054d8                USBD_StdDevReq
 .text.USBD_StdItfReq
                0x08005578       0x66 ./Middlewares/ST/STM32_USB_Device_Library/Core/Src/usbd_ctlreq.o
                0x08005578                USBD_StdItfReq
 .text.USBD_StdEPReq
                0x080055de      0x1b8 ./Middlewares/ST/STM32_USB_Device_Library/Core/Src/usbd_ctlreq.o
                0x080055de                USBD_StdEPReq
 *fill*         0x08005796        0x2 
 .text.USBD_GetDescriptor
                0x08005798      0x1e8 ./Middlewares/ST/STM32_USB_Device_Library/Core/Src/usbd_ctlreq.o
 .text.USBD_SetAddress
                0x08005980       0x7e ./Middlewares/ST/STM32_USB_Device_Library/Core/Src/usbd_ctlreq.o
 *fill*         0x080059fe        0x2 
 .text.USBD_SetConfig
                0x08005a00      0x110 ./Middlewares/ST/STM32_USB_Device_Library/Core/Src/usbd_ctlreq.o
 .text.USBD_GetConfig
                0x08005b10       0x64 ./Middlewares/ST/STM32_USB_Device_Library/Core/Src/usbd_ctlreq.o
 .text.USBD_GetStatus
                0x08005b74       0x54 ./Middlewares/ST/STM32_USB_Device_Library/Core/Src/usbd_ctlreq.o
 .text.USBD_SetFeature
                0x08005bc8       0x36 ./Middlewares/ST/STM32_USB_Device_Library/Core/Src/usbd_ctlreq.o
 .text.USBD_ClrFeature
                0x08005bfe       0x50 ./Middlewares/ST/STM32_USB_Device_Library/Core/Src/usbd_ctlreq.o
 .text.USBD_ParseSetupRequest
                0x08005c4e       0x72 ./Middlewares/ST/STM32_USB_Device_Library/Core/Src/usbd_ctlreq.o
                0x08005c4e                USBD_ParseSetupRequest
 .text.USBD_CtlError
                0x08005cc0       0x22 ./Middlewares/ST/STM32_USB_Device_Library/Core/Src/usbd_ctlreq.o
                0x08005cc0                USBD_CtlError
 .text.USBD_GetString
                0x08005ce2       0x86 ./Middlewares/ST/STM32_USB_Device_Library/Core/Src/usbd_ctlreq.o
                0x08005ce2                USBD_GetString
 .text.USBD_GetLen
                0x08005d68       0x2e ./Middlewares/ST/STM32_USB_Device_Library/Core/Src/usbd_ctlreq.o
 .text.USBD_CtlSendData
                0x08005d96       0x38 ./Middlewares/ST/STM32_USB_Device_Library/Core/Src/usbd_ioreq.o
                0x08005d96                USBD_CtlSendData
 .text.USBD_CtlContinueSendData
                0x08005dce       0x24 ./Middlewares/ST/STM32_USB_Device_Library/Core/Src/usbd_ioreq.o
                0x08005dce                USBD_CtlContinueSendData
 .text.USBD_CtlPrepareRx
                0x08005df2       0x3c ./Middlewares/ST/STM32_USB_Device_Library/Core/Src/usbd_ioreq.o
                0x08005df2                USBD_CtlPrepareRx
 .text.USBD_CtlContinueRx
                0x08005e2e       0x24 ./Middlewares/ST/STM32_USB_Device_Library/Core/Src/usbd_ioreq.o
                0x08005e2e                USBD_CtlContinueRx
 .text.USBD_CtlSendStatus
                0x08005e52       0x26 ./Middlewares/ST/STM32_USB_Device_Library/Core/Src/usbd_ioreq.o
                0x08005e52                USBD_CtlSendStatus
 .text.USBD_CtlReceiveStatus
                0x08005e78       0x26 ./Middlewares/ST/STM32_USB_Device_Library/Core/Src/usbd_ioreq.o
                0x08005e78                USBD_CtlReceiveStatus
 *fill*         0x08005e9e        0x2 
 .text.MX_USB_DEVICE_Init
                0x08005ea0       0x38 ./USB_DEVICE/App/usb_device.o
                0x08005ea0                MX_USB_DEVICE_Init
 .text.CDC_Init_FS
                0x08005ed8       0x28 ./USB_DEVICE/App/usbd_cdc_if.o
 .text.CDC_DeInit_FS
                0x08005f00        0xe ./USB_DEVICE/App/usbd_cdc_if.o
 *fill*         0x08005f0e        0x2 
 .text.CDC_Control_FS
                0x08005f10       0xc0 ./USB_DEVICE/App/usbd_cdc_if.o
 .text.CDC_Receive_FS
                0x08005fd0       0x34 ./USB_DEVICE/App/usbd_cdc_if.o
 .text.USBD_FS_DeviceDescriptor
                0x08006004       0x24 ./USB_DEVICE/App/usbd_desc.o
                0x08006004                USBD_FS_DeviceDescriptor
 .text.USBD_FS_LangIDStrDescriptor
                0x08006028       0x24 ./USB_DEVICE/App/usbd_desc.o
                0x08006028                USBD_FS_LangIDStrDescriptor
 .text.USBD_FS_ProductStrDescriptor
                0x0800604c       0x3c ./USB_DEVICE/App/usbd_desc.o
                0x0800604c                USBD_FS_ProductStrDescriptor
 .text.USBD_FS_ManufacturerStrDescriptor
                0x08006088       0x28 ./USB_DEVICE/App/usbd_desc.o
                0x08006088                USBD_FS_ManufacturerStrDescriptor
 .text.USBD_FS_SerialStrDescriptor
                0x080060b0       0x3c ./USB_DEVICE/App/usbd_desc.o
                0x080060b0                USBD_FS_SerialStrDescriptor
 .text.USBD_FS_ConfigStrDescriptor
                0x080060ec       0x3c ./USB_DEVICE/App/usbd_desc.o
                0x080060ec                USBD_FS_ConfigStrDescriptor
 .text.USBD_FS_InterfaceStrDescriptor
                0x08006128       0x3c ./USB_DEVICE/App/usbd_desc.o
                0x08006128                USBD_FS_InterfaceStrDescriptor
 .text.HAL_PCD_MspInit
                0x08006164       0x4c ./USB_DEVICE/Target/usbd_conf.o
                0x08006164                HAL_PCD_MspInit
 .text.HAL_PCD_SetupStageCallback
                0x080061b0       0x24 ./USB_DEVICE/Target/usbd_conf.o
                0x080061b0                HAL_PCD_SetupStageCallback
 .text.HAL_PCD_DataOutStageCallback
                0x080061d4       0x30 ./USB_DEVICE/Target/usbd_conf.o
                0x080061d4                HAL_PCD_DataOutStageCallback
 .text.HAL_PCD_DataInStageCallback
                0x08006204       0x2e ./USB_DEVICE/Target/usbd_conf.o
                0x08006204                HAL_PCD_DataInStageCallback
 .text.HAL_PCD_SOFCallback
                0x08006232       0x1c ./USB_DEVICE/Target/usbd_conf.o
                0x08006232                HAL_PCD_SOFCallback
 .text.HAL_PCD_ResetCallback
                0x0800624e       0x44 ./USB_DEVICE/Target/usbd_conf.o
                0x0800624e                HAL_PCD_ResetCallback
 *fill*         0x08006292        0x2 
 .text.HAL_PCD_SuspendCallback
                0x08006294       0x34 ./USB_DEVICE/Target/usbd_conf.o
                0x08006294                HAL_PCD_SuspendCallback
 .text.HAL_PCD_ResumeCallback
                0x080062c8       0x1c ./USB_DEVICE/Target/usbd_conf.o
                0x080062c8                HAL_PCD_ResumeCallback
 .text.USBD_LL_Init
                0x080062e4       0xc4 ./USB_DEVICE/Target/usbd_conf.o
                0x080062e4                USBD_LL_Init
 .text.USBD_LL_Start
                0x080063a8       0x64 ./USB_DEVICE/Target/usbd_conf.o
                0x080063a8                USBD_LL_Start
 .text.USBD_LL_OpenEP
                0x0800640c       0x7c ./USB_DEVICE/Target/usbd_conf.o
                0x0800640c                USBD_LL_OpenEP
 .text.USBD_LL_CloseEP
                0x08006488       0x6c ./USB_DEVICE/Target/usbd_conf.o
                0x08006488                USBD_LL_CloseEP
 .text.USBD_LL_StallEP
                0x080064f4       0x6c ./USB_DEVICE/Target/usbd_conf.o
                0x080064f4                USBD_LL_StallEP
 .text.USBD_LL_ClearStallEP
                0x08006560       0x6c ./USB_DEVICE/Target/usbd_conf.o
                0x08006560                USBD_LL_ClearStallEP
 .text.USBD_LL_IsStallEP
                0x080065cc       0x4a ./USB_DEVICE/Target/usbd_conf.o
                0x080065cc                USBD_LL_IsStallEP
 *fill*         0x08006616        0x2 
 .text.USBD_LL_SetUSBAddress
                0x08006618       0x6c ./USB_DEVICE/Target/usbd_conf.o
                0x08006618                USBD_LL_SetUSBAddress
 .text.USBD_LL_Transmit
                0x08006684       0x74 ./USB_DEVICE/Target/usbd_conf.o
                0x08006684                USBD_LL_Transmit
 .text.USBD_LL_PrepareReceive
                0x080066f8       0x74 ./USB_DEVICE/Target/usbd_conf.o
                0x080066f8                USBD_LL_PrepareReceive
 .text.USBD_LL_GetRxDataSize
                0x0800676c       0x26 ./USB_DEVICE/Target/usbd_conf.o
                0x0800676c                USBD_LL_GetRxDataSize
 *fill*         0x08006792        0x2 
 .text.USBD_static_malloc
                0x08006794       0x18 ./USB_DEVICE/Target/usbd_conf.o
                0x08006794                USBD_static_malloc
 .text.USBD_static_free
                0x080067ac       0x12 ./USB_DEVICE/Target/usbd_conf.o
                0x080067ac                USBD_static_free
 .text.HAL_PCDEx_SetConnectionState
                0x080067be       0x16 ./USB_DEVICE/Target/usbd_conf.o
                0x080067be                HAL_PCDEx_SetConnectionState
 .text.__libc_init_array
                0x080067d4       0x48 /Applications/STM32CubeIDE.app/Contents/Eclipse/plugins/com.st.stm32cube.ide.mcu.externaltools.gnu-tools-for-stm32.13.3.rel1.macos64_1.0.0.202411102158/tools/bin/../lib/gcc/arm-none-eabi/13.3.1/../../../../arm-none-eabi/lib/thumb/v7-m/nofp/libc_nano.a(libc_a-init.o)
                0x080067d4                __libc_init_array
 *(.glue_7)
 .glue_7        0x0800681c        0x0 linker stubs
 *(.glue_7t)
 .glue_7t       0x0800681c        0x0 linker stubs
 *(.eh_frame)
 .eh_frame      0x0800681c        0x0 /Applications/STM32CubeIDE.app/Contents/Eclipse/plugins/com.st.stm32cube.ide.mcu.externaltools.gnu-tools-for-stm32.13.3.rel1.macos64_1.0.0.202411102158/tools/bin/../lib/gcc/arm-none-eabi/13.3.1/thumb/v7-m/nofp/crtbegin.o
 *(.init)
 .init          0x0800681c        0x4 /Applications/STM32CubeIDE.app/Contents/Eclipse/plugins/com.st.stm32cube.ide.mcu.externaltools.gnu-tools-for-stm32.13.3.rel1.macos64_1.0.0.202411102158/tools/bin/../lib/gcc/arm-none-eabi/13.3.1/thumb/v7-m/nofp/crti.o
                0x0800681c                _init
 .init          0x08006820        0x8 /Applications/STM32CubeIDE.app/Contents/Eclipse/plugins/com.st.stm32cube.ide.mcu.externaltools.gnu-tools-for-stm32.13.3.rel1.macos64_1.0.0.202411102158/tools/bin/../lib/gcc/arm-none-eabi/13.3.1/thumb/v7-m/nofp/crtn.o
 *(.fini)
 .fini          0x08006828        0x4 /Applications/STM32CubeIDE.app/Contents/Eclipse/plugins/com.st.stm32cube.ide.mcu.externaltools.gnu-tools-for-stm32.13.3.rel1.macos64_1.0.0.202411102158/tools/bin/../lib/gcc/arm-none-eabi/13.3.1/thumb/v7-m/nofp/crti.o
                0x08006828                _fini
 .fini          0x0800682c        0x8 /Applications/STM32CubeIDE.app/Contents/Eclipse/plugins/com.st.stm32cube.ide.mcu.externaltools.gnu-tools-for-stm32.13.3.rel1.macos64_1.0.0.202411102158/tools/bin/../lib/gcc/arm-none-eabi/13.3.1/thumb/v7-m/nofp/crtn.o
                0x08006834                        . = ALIGN (0x4)
                0x08006834                        _etext = .

.vfp11_veneer   0x08006834        0x0
 .vfp11_veneer  0x08006834        0x0 linker stubs

.v4_bx          0x08006834        0x0
 .v4_bx         0x08006834        0x0 linker stubs

.iplt           0x08006834        0x0
 .iplt          0x08006834        0x0 /Applications/STM32CubeIDE.app/Contents/Eclipse/plugins/com.st.stm32cube.ide.mcu.externaltools.gnu-tools-for-stm32.13.3.rel1.macos64_1.0.0.202411102158/tools/bin/../lib/gcc/arm-none-eabi/13.3.1/thumb/v7-m/nofp/crtbegin.o

.rodata         0x08006834      0x22c
                0x08006834                        . = ALIGN (0x4)
 *(.rodata)
 .rodata        0x08006834       0x13 ./Core/Src/main.o
 *fill*         0x08006847        0x1 
 .rodata        0x08006848       0x14 ./Core/Src/usart.o
 .rodata        0x0800685c       0x3b ./Drivers/STM32F1xx_HAL_Driver/Src/stm32f1xx_hal_cortex.o
 *fill*         0x08006897        0x1 
 .rodata        0x08006898       0x39 ./Drivers/STM32F1xx_HAL_Driver/Src/stm32f1xx_hal_gpio.o
 *fill*         0x080068d1        0x3 
 .rodata        0x080068d4       0x38 ./Drivers/STM32F1xx_HAL_Driver/Src/stm32f1xx_hal_pcd.o
 .rodata        0x0800690c       0x48 ./Drivers/STM32F1xx_HAL_Driver/Src/stm32f1xx_hal_rcc.o
 .rodata        0x08006954       0x4c ./Drivers/STM32F1xx_HAL_Driver/Src/stm32f1xx_hal_rcc_ex.o
 .rodata        0x080069a0       0x39 ./Drivers/STM32F1xx_HAL_Driver/Src/stm32f1xx_hal_uart.o
 *fill*         0x080069d9        0x3 
 .rodata        0x080069dc       0x46 ./USB_DEVICE/App/usbd_desc.o
 *fill*         0x08006a22        0x2 
 .rodata        0x08006a24       0x21 ./USB_DEVICE/Target/usbd_conf.o
 *(.rodata*)
 *fill*         0x08006a45        0x3 
 .rodata.AHBPrescTable
                0x08006a48       0x10 ./Core/Src/system_stm32f1xx.o
                0x08006a48                AHBPrescTable
 .rodata.APBPrescTable
                0x08006a58        0x8 ./Core/Src/system_stm32f1xx.o
                0x08006a58                APBPrescTable
                0x08006a60                        . = ALIGN (0x4)

.ARM.extab      0x08006a60        0x0
                0x08006a60                        . = ALIGN (0x4)
 *(.ARM.extab* .gnu.linkonce.armextab.*)
                0x08006a60                        . = ALIGN (0x4)

.ARM            0x08006a60        0x0
                0x08006a60                        . = ALIGN (0x4)
                0x08006a60                        __exidx_start = .
 *(.ARM.exidx*)
                0x08006a60                        __exidx_end = .
                0x08006a60                        . = ALIGN (0x4)

.preinit_array  0x08006a60        0x0
                0x08006a60                        . = ALIGN (0x4)
                0x08006a60                        PROVIDE (__preinit_array_start = .)
 *(.preinit_array*)
                0x08006a60                        PROVIDE (__preinit_array_end = .)
                0x08006a60                        . = ALIGN (0x4)

.init_array     0x08006a60        0x4
                0x08006a60                        . = ALIGN (0x4)
                0x08006a60                        PROVIDE (__init_array_start = .)
 *(SORT_BY_NAME(.init_array.*))
 *(.init_array*)
 .init_array    0x08006a60        0x4 /Applications/STM32CubeIDE.app/Contents/Eclipse/plugins/com.st.stm32cube.ide.mcu.externaltools.gnu-tools-for-stm32.13.3.rel1.macos64_1.0.0.202411102158/tools/bin/../lib/gcc/arm-none-eabi/13.3.1/thumb/v7-m/nofp/crtbegin.o
                0x08006a64                        PROVIDE (__init_array_end = .)
                0x08006a64                        . = ALIGN (0x4)

.fini_array     0x08006a64        0x4
                0x08006a64                        . = ALIGN (0x4)
                [!provide]                        PROVIDE (__fini_array_start = .)
 *(SORT_BY_NAME(.fini_array.*))
 *(.fini_array*)
 .fini_array    0x08006a64        0x4 /Applications/STM32CubeIDE.app/Contents/Eclipse/plugins/com.st.stm32cube.ide.mcu.externaltools.gnu-tools-for-stm32.13.3.rel1.macos64_1.0.0.202411102158/tools/bin/../lib/gcc/arm-none-eabi/13.3.1/thumb/v7-m/nofp/crtbegin.o
                [!provide]                        PROVIDE (__fini_array_end = .)
                0x08006a68                        . = ALIGN (0x4)
                0x08006a68                        _sidata = LOADADDR (.data)

.rel.dyn        0x08006a68        0x0
 .rel.iplt      0x08006a68        0x0 /Applications/STM32CubeIDE.app/Contents/Eclipse/plugins/com.st.stm32cube.ide.mcu.externaltools.gnu-tools-for-stm32.13.3.rel1.macos64_1.0.0.202411102158/tools/bin/../lib/gcc/arm-none-eabi/13.3.1/thumb/v7-m/nofp/crtbegin.o

.data           0x20000000      0xa14 load address 0x08006a68
                0x20000000                        . = ALIGN (0x4)
                0x20000000                        _sdata = .
 *(.data)
 *(.data*)
 .data.BV_MDB_BusManager
                0x20000000       0x98 ./Core/Src/bill_validator.o
                0x20000000                BV_MDB_BusManager
 .data.BV_StateManager
                0x20000098        0x4 ./Core/Src/bill_validator.o
                0x20000098                BV_StateManager
 .data.VMC_CMDs
                0x2000009c      0x818 ./Core/Src/bill_validator.o
                0x2000009c                VMC_CMDs
 .data.SystemCoreClock
                0x200008b4        0x4 ./Core/Src/system_stm32f1xx.o
                0x200008b4                SystemCoreClock
 .data.uwTickPrio
                0x200008b8        0x4 ./Drivers/STM32F1xx_HAL_Driver/Src/stm32f1xx_hal.o
                0x200008b8                uwTickPrio
 .data.uwTickFreq
                0x200008bc        0x1 ./Drivers/STM32F1xx_HAL_Driver/Src/stm32f1xx_hal.o
                0x200008bc                uwTickFreq
 *fill*         0x200008bd        0x3 
 .data.USBD_CDC_DeviceQualifierDesc
                0x200008c0        0xa ./Middlewares/ST/STM32_USB_Device_Library/Class/CDC/Src/usbd_cdc.o
 *fill*         0x200008ca        0x2 
 .data.USBD_CDC
                0x200008cc       0x38 ./Middlewares/ST/STM32_USB_Device_Library/Class/CDC/Src/usbd_cdc.o
                0x200008cc                USBD_CDC
 .data.USBD_CDC_CfgHSDesc
                0x20000904       0x43 ./Middlewares/ST/STM32_USB_Device_Library/Class/CDC/Src/usbd_cdc.o
                0x20000904                USBD_CDC_CfgHSDesc
 *fill*         0x20000947        0x1 
 .data.USBD_CDC_CfgFSDesc
                0x20000948       0x43 ./Middlewares/ST/STM32_USB_Device_Library/Class/CDC/Src/usbd_cdc.o
                0x20000948                USBD_CDC_CfgFSDesc
 *fill*         0x2000098b        0x1 
 .data.USBD_CDC_OtherSpeedCfgDesc
                0x2000098c       0x43 ./Middlewares/ST/STM32_USB_Device_Library/Class/CDC/Src/usbd_cdc.o
                0x2000098c                USBD_CDC_OtherSpeedCfgDesc
 *fill*         0x200009cf        0x1 
 .data.USBD_Interface_fops_FS
                0x200009d0       0x10 ./USB_DEVICE/App/usbd_cdc_if.o
                0x200009d0                USBD_Interface_fops_FS
 .data.FS_Desc  0x200009e0       0x1c ./USB_DEVICE/App/usbd_desc.o
                0x200009e0                FS_Desc
 .data.USBD_FS_DeviceDesc
                0x200009fc       0x12 ./USB_DEVICE/App/usbd_desc.o
                0x200009fc                USBD_FS_DeviceDesc
 *fill*         0x20000a0e        0x2 
 .data.USBD_LangIDDesc
                0x20000a10        0x4 ./USB_DEVICE/App/usbd_desc.o
                0x20000a10                USBD_LangIDDesc
 *(.RamFunc)
 *(.RamFunc*)
                0x20000a14                        . = ALIGN (0x4)
                0x20000a14                        _edata = .

.igot.plt       0x20000a14        0x0 load address 0x0800747c
 .igot.plt      0x20000a14        0x0 /Applications/STM32CubeIDE.app/Contents/Eclipse/plugins/com.st.stm32cube.ide.mcu.externaltools.gnu-tools-for-stm32.13.3.rel1.macos64_1.0.0.202411102158/tools/bin/../lib/gcc/arm-none-eabi/13.3.1/thumb/v7-m/nofp/crtbegin.o
                0x20000a14                        . = ALIGN (0x4)

.bss            0x20000a14     0x12e0 load address 0x0800747c
                0x20000a14                        _sbss = .
                0x20000a14                        __bss_start__ = _sbss
 *(.bss)
 .bss           0x20000a14       0x1c /Applications/STM32CubeIDE.app/Contents/Eclipse/plugins/com.st.stm32cube.ide.mcu.externaltools.gnu-tools-for-stm32.13.3.rel1.macos64_1.0.0.202411102158/tools/bin/../lib/gcc/arm-none-eabi/13.3.1/thumb/v7-m/nofp/crtbegin.o
 *(.bss*)
 .bss.mdb_rx_buf
                0x20000a30        0x2 ./Core/Src/main.o
                0x20000a30                mdb_rx_buf
 .bss.Vending_EN
                0x20000a32        0x1 ./Core/Src/main.o
                0x20000a32                Vending_EN
 *fill*         0x20000a33        0x1 
 .bss.break_timer
                0x20000a34        0x2 ./Core/Src/stm32f1xx_it.o
                0x20000a34                break_timer
 .bss.usb_break_timer
                0x20000a36        0x2 ./Core/Src/stm32f1xx_it.o
                0x20000a36                usb_break_timer
 .bss.huart1    0x20000a38       0x40 ./Core/Src/usart.o
                0x20000a38                huart1
 .bss.uwTick    0x20000a78        0x4 ./Drivers/STM32F1xx_HAL_Driver/Src/stm32f1xx_hal.o
                0x20000a78                uwTick
 .bss.ifalt.0   0x20000a7c        0x1 ./Middlewares/ST/STM32_USB_Device_Library/Class/CDC/Src/usbd_cdc.o
 .bss.cfgidx.0  0x20000a7d        0x1 ./Middlewares/ST/STM32_USB_Device_Library/Core/Src/usbd_ctlreq.o
 *fill*         0x20000a7e        0x2 
 .bss.hUsbDeviceFS
                0x20000a80      0x224 ./USB_DEVICE/App/usb_device.o
                0x20000a80                hUsbDeviceFS
 .bss.UserRxBufferFS
                0x20000ca4      0x3e8 ./USB_DEVICE/App/usbd_cdc_if.o
                0x20000ca4                UserRxBufferFS
 .bss.UserTxBufferFS
                0x2000108c      0x3e8 ./USB_DEVICE/App/usbd_cdc_if.o
                0x2000108c                UserTxBufferFS
 .bss.USBD_StrDesc
                0x20001474      0x200 ./USB_DEVICE/App/usbd_desc.o
                0x20001474                USBD_StrDesc
 .bss.hpcd_USB_FS
                0x20001674      0x460 ./USB_DEVICE/Target/usbd_conf.o
                0x20001674                hpcd_USB_FS
 .bss.mem.0     0x20001ad4      0x220 ./USB_DEVICE/Target/usbd_conf.o
 *(COMMON)
                0x20001cf4                        . = ALIGN (0x4)
                0x20001cf4                        _ebss = .
                0x20001cf4                        __bss_end__ = _ebss

._user_heap_stack
                0x20001cf4      0x604 load address 0x0800747c
                0x20001cf8                        . = ALIGN (0x8)
 *fill*         0x20001cf4        0x4 
                [!provide]                        PROVIDE (end = .)
                0x20001cf8                        PROVIDE (_end = .)
                0x20001ef8                        . = (. + _Min_Heap_Size)
 *fill*         0x20001cf8      0x200 
                0x200022f8                        . = (. + _Min_Stack_Size)
 *fill*         0x20001ef8      0x400 
                0x200022f8                        . = ALIGN (0x8)

/DISCARD/
 libc.a(*)
 libm.a(*)
 libgcc.a(*)

.ARM.attributes
                0x00000000       0x29
 *(.ARM.attributes)
 .ARM.attributes
                0x00000000       0x1d /Applications/STM32CubeIDE.app/Contents/Eclipse/plugins/com.st.stm32cube.ide.mcu.externaltools.gnu-tools-for-stm32.13.3.rel1.macos64_1.0.0.202411102158/tools/bin/../lib/gcc/arm-none-eabi/13.3.1/thumb/v7-m/nofp/crti.o
 .ARM.attributes
                0x0000001d       0x2d /Applications/STM32CubeIDE.app/Contents/Eclipse/plugins/com.st.stm32cube.ide.mcu.externaltools.gnu-tools-for-stm32.13.3.rel1.macos64_1.0.0.202411102158/tools/bin/../lib/gcc/arm-none-eabi/13.3.1/thumb/v7-m/nofp/crtbegin.o
 .ARM.attributes
                0x0000004a       0x2d ./Core/Src/bill_validator.o
 .ARM.attributes
                0x00000077       0x2d ./Core/Src/gpio.o
 .ARM.attributes
                0x000000a4       0x2d ./Core/Src/main.o
 .ARM.attributes
                0x000000d1       0x2d ./Core/Src/stm32f1xx_hal_msp.o
 .ARM.attributes
                0x000000fe       0x2d ./Core/Src/stm32f1xx_it.o
 .ARM.attributes
                0x0000012b       0x2d ./Core/Src/system_stm32f1xx.o
 .ARM.attributes
                0x00000158       0x2d ./Core/Src/usart.o
 .ARM.attributes
                0x00000185       0x21 ./Core/Startup/startup_stm32f103c8tx.o
 .ARM.attributes
                0x000001a6       0x2d ./Drivers/STM32F1xx_HAL_Driver/Src/stm32f1xx_hal.o
 .ARM.attributes
                0x000001d3       0x2d ./Drivers/STM32F1xx_HAL_Driver/Src/stm32f1xx_hal_cortex.o
 .ARM.attributes
                0x00000200       0x2d ./Drivers/STM32F1xx_HAL_Driver/Src/stm32f1xx_hal_dma.o
 .ARM.attributes
                0x0000022d       0x2d ./Drivers/STM32F1xx_HAL_Driver/Src/stm32f1xx_hal_gpio.o
 .ARM.attributes
                0x0000025a       0x2d ./Drivers/STM32F1xx_HAL_Driver/Src/stm32f1xx_hal_pcd.o
 .ARM.attributes
                0x00000287       0x2d ./Drivers/STM32F1xx_HAL_Driver/Src/stm32f1xx_hal_pcd_ex.o
 .ARM.attributes
                0x000002b4       0x2d ./Drivers/STM32F1xx_HAL_Driver/Src/stm32f1xx_hal_rcc.o
 .ARM.attributes
                0x000002e1       0x2d ./Drivers/STM32F1xx_HAL_Driver/Src/stm32f1xx_hal_rcc_ex.o
 .ARM.attributes
                0x0000030e       0x2d ./Drivers/STM32F1xx_HAL_Driver/Src/stm32f1xx_hal_uart.o
 .ARM.attributes
                0x0000033b       0x2d ./Drivers/STM32F1xx_HAL_Driver/Src/stm32f1xx_ll_usb.o
 .ARM.attributes
                0x00000368       0x2d ./Middlewares/ST/STM32_USB_Device_Library/Class/CDC/Src/usbd_cdc.o
 .ARM.attributes
                0x00000395       0x2d ./Middlewares/ST/STM32_USB_Device_Library/Core/Src/usbd_core.o
 .ARM.attributes
                0x000003c2       0x2d ./Middlewares/ST/STM32_USB_Device_Library/Core/Src/usbd_ctlreq.o
 .ARM.attributes
                0x000003ef       0x2d ./Middlewares/ST/STM32_USB_Device_Library/Core/Src/usbd_ioreq.o
 .ARM.attributes
                0x0000041c       0x2d ./USB_DEVICE/App/usb_device.o
 .ARM.attributes
                0x00000449       0x2d ./USB_DEVICE/App/usbd_cdc_if.o
 .ARM.attributes
                0x00000476       0x2d ./USB_DEVICE/App/usbd_desc.o
 .ARM.attributes
                0x000004a3       0x2d ./USB_DEVICE/Target/usbd_conf.o
 .ARM.attributes
                0x000004d0       0x2d /Applications/STM32CubeIDE.app/Contents/Eclipse/plugins/com.st.stm32cube.ide.mcu.externaltools.gnu-tools-for-stm32.13.3.rel1.macos64_1.0.0.202411102158/tools/bin/../lib/gcc/arm-none-eabi/13.3.1/../../../../arm-none-eabi/lib/thumb/v7-m/nofp/libc_nano.a(libc_a-init.o)
 .ARM.attributes
                0x000004fd       0x1d /Applications/STM32CubeIDE.app/Contents/Eclipse/plugins/com.st.stm32cube.ide.mcu.externaltools.gnu-tools-for-stm32.13.3.rel1.macos64_1.0.0.202411102158/tools/bin/../lib/gcc/arm-none-eabi/13.3.1/thumb/v7-m/nofp/crtn.o
OUTPUT(CoffeeMachine.elf elf32-littlearm)
LOAD linker stubs
LOAD /Applications/STM32CubeIDE.app/Contents/Eclipse/plugins/com.st.stm32cube.ide.mcu.externaltools.gnu-tools-for-stm32.13.3.rel1.macos64_1.0.0.202411102158/tools/bin/../lib/gcc/arm-none-eabi/13.3.1/../../../../arm-none-eabi/lib/thumb/v7-m/nofp/libc.a
LOAD /Applications/STM32CubeIDE.app/Contents/Eclipse/plugins/com.st.stm32cube.ide.mcu.externaltools.gnu-tools-for-stm32.13.3.rel1.macos64_1.0.0.202411102158/tools/bin/../lib/gcc/arm-none-eabi/13.3.1/../../../../arm-none-eabi/lib/thumb/v7-m/nofp/libm.a
LOAD /Applications/STM32CubeIDE.app/Contents/Eclipse/plugins/com.st.stm32cube.ide.mcu.externaltools.gnu-tools-for-stm32.13.3.rel1.macos64_1.0.0.202411102158/tools/bin/../lib/gcc/arm-none-eabi/13.3.1/thumb/v7-m/nofp/libgcc.a

.debug_info     0x00000000     0xde08
 .debug_info    0x00000000      0x376 ./Core/Src/bill_validator.o
 .debug_info    0x00000376      0x2da ./Core/Src/gpio.o
 .debug_info    0x00000650      0xf18 ./Core/Src/main.o
 .debug_info    0x00001568      0x377 ./Core/Src/stm32f1xx_hal_msp.o
 .debug_info    0x000018df      0x9f8 ./Core/Src/stm32f1xx_it.o
 .debug_info    0x000022d7      0x3f4 ./Core/Src/system_stm32f1xx.o
 .debug_info    0x000026cb      0x8df ./Core/Src/usart.o
 .debug_info    0x00002faa       0x30 ./Core/Startup/startup_stm32f103c8tx.o
 .debug_info    0x00002fda      0x708 ./Drivers/STM32F1xx_HAL_Driver/Src/stm32f1xx_hal.o
 .debug_info    0x000036e2      0xaa8 ./Drivers/STM32F1xx_HAL_Driver/Src/stm32f1xx_hal_cortex.o
 .debug_info    0x0000418a      0x709 ./Drivers/STM32F1xx_HAL_Driver/Src/stm32f1xx_hal_dma.o
 .debug_info    0x00004893      0x5ec ./Drivers/STM32F1xx_HAL_Driver/Src/stm32f1xx_hal_gpio.o
 .debug_info    0x00004e7f      0xf0a ./Drivers/STM32F1xx_HAL_Driver/Src/stm32f1xx_hal_pcd.o
 .debug_info    0x00005d89      0x5b3 ./Drivers/STM32F1xx_HAL_Driver/Src/stm32f1xx_hal_pcd_ex.o
 .debug_info    0x0000633c      0x811 ./Drivers/STM32F1xx_HAL_Driver/Src/stm32f1xx_hal_rcc.o
 .debug_info    0x00006b4d      0x3d3 ./Drivers/STM32F1xx_HAL_Driver/Src/stm32f1xx_hal_rcc_ex.o
 .debug_info    0x00006f20     0x1193 ./Drivers/STM32F1xx_HAL_Driver/Src/stm32f1xx_hal_uart.o
 .debug_info    0x000080b3      0xe59 ./Drivers/STM32F1xx_HAL_Driver/Src/stm32f1xx_ll_usb.o
 .debug_info    0x00008f0c      0xb86 ./Middlewares/ST/STM32_USB_Device_Library/Class/CDC/Src/usbd_cdc.o
 .debug_info    0x00009a92      0xa51 ./Middlewares/ST/STM32_USB_Device_Library/Core/Src/usbd_core.o
 .debug_info    0x0000a4e3      0x90c ./Middlewares/ST/STM32_USB_Device_Library/Core/Src/usbd_ctlreq.o
 .debug_info    0x0000adef      0x69f ./Middlewares/ST/STM32_USB_Device_Library/Core/Src/usbd_ioreq.o
 .debug_info    0x0000b48e      0x63b ./USB_DEVICE/App/usb_device.o
 .debug_info    0x0000bac9      0x80a ./USB_DEVICE/App/usbd_cdc_if.o
 .debug_info    0x0000c2d3      0x37b ./USB_DEVICE/App/usbd_desc.o
 .debug_info    0x0000c64e     0x17ba ./USB_DEVICE/Target/usbd_conf.o

.debug_abbrev   0x00000000     0x31de
 .debug_abbrev  0x00000000       0xf7 ./Core/Src/bill_validator.o
 .debug_abbrev  0x000000f7      0x13f ./Core/Src/gpio.o
 .debug_abbrev  0x00000236      0x2f7 ./Core/Src/main.o
 .debug_abbrev  0x0000052d      0x11e ./Core/Src/stm32f1xx_hal_msp.o
 .debug_abbrev  0x0000064b      0x1c6 ./Core/Src/stm32f1xx_it.o
 .debug_abbrev  0x00000811      0x13f ./Core/Src/system_stm32f1xx.o
 .debug_abbrev  0x00000950      0x1dd ./Core/Src/usart.o
 .debug_abbrev  0x00000b2d       0x24 ./Core/Startup/startup_stm32f103c8tx.o
 .debug_abbrev  0x00000b51      0x239 ./Drivers/STM32F1xx_HAL_Driver/Src/stm32f1xx_hal.o
 .debug_abbrev  0x00000d8a      0x2fa ./Drivers/STM32F1xx_HAL_Driver/Src/stm32f1xx_hal_cortex.o
 .debug_abbrev  0x00001084      0x220 ./Drivers/STM32F1xx_HAL_Driver/Src/stm32f1xx_hal_dma.o
 .debug_abbrev  0x000012a4      0x1f0 ./Drivers/STM32F1xx_HAL_Driver/Src/stm32f1xx_hal_gpio.o
 .debug_abbrev  0x00001494      0x2c5 ./Drivers/STM32F1xx_HAL_Driver/Src/stm32f1xx_hal_pcd.o
 .debug_abbrev  0x00001759      0x175 ./Drivers/STM32F1xx_HAL_Driver/Src/stm32f1xx_hal_pcd_ex.o
 .debug_abbrev  0x000018ce      0x2aa ./Drivers/STM32F1xx_HAL_Driver/Src/stm32f1xx_hal_rcc.o
 .debug_abbrev  0x00001b78      0x1a5 ./Drivers/STM32F1xx_HAL_Driver/Src/stm32f1xx_hal_rcc_ex.o
 .debug_abbrev  0x00001d1d      0x285 ./Drivers/STM32F1xx_HAL_Driver/Src/stm32f1xx_hal_uart.o
 .debug_abbrev  0x00001fa2      0x1c9 ./Drivers/STM32F1xx_HAL_Driver/Src/stm32f1xx_ll_usb.o
 .debug_abbrev  0x0000216b      0x27c ./Middlewares/ST/STM32_USB_Device_Library/Class/CDC/Src/usbd_cdc.o
 .debug_abbrev  0x000023e7      0x226 ./Middlewares/ST/STM32_USB_Device_Library/Core/Src/usbd_core.o
 .debug_abbrev  0x0000260d      0x247 ./Middlewares/ST/STM32_USB_Device_Library/Core/Src/usbd_ctlreq.o
 .debug_abbrev  0x00002854      0x16e ./Middlewares/ST/STM32_USB_Device_Library/Core/Src/usbd_ioreq.o
 .debug_abbrev  0x000029c2      0x152 ./USB_DEVICE/App/usb_device.o
 .debug_abbrev  0x00002b14      0x267 ./USB_DEVICE/App/usbd_cdc_if.o
 .debug_abbrev  0x00002d7b      0x17b ./USB_DEVICE/App/usbd_desc.o
 .debug_abbrev  0x00002ef6      0x2e8 ./USB_DEVICE/Target/usbd_conf.o

.debug_aranges  0x00000000      0xd30
 .debug_aranges
                0x00000000       0x30 ./Core/Src/bill_validator.o
 .debug_aranges
                0x00000030       0x20 ./Core/Src/gpio.o
 .debug_aranges
                0x00000050       0x70 ./Core/Src/main.o
 .debug_aranges
                0x000000c0       0x20 ./Core/Src/stm32f1xx_hal_msp.o
 .debug_aranges
                0x000000e0       0x70 ./Core/Src/stm32f1xx_it.o
 .debug_aranges
                0x00000150       0x28 ./Core/Src/system_stm32f1xx.o
 .debug_aranges
                0x00000178       0x30 ./Core/Src/usart.o
 .debug_aranges
                0x000001a8       0x28 ./Core/Startup/startup_stm32f103c8tx.o
 .debug_aranges
                0x000001d0       0xd0 ./Drivers/STM32F1xx_HAL_Driver/Src/stm32f1xx_hal.o
 .debug_aranges
                0x000002a0      0x100 ./Drivers/STM32F1xx_HAL_Driver/Src/stm32f1xx_hal_cortex.o
 .debug_aranges
                0x000003a0       0x80 ./Drivers/STM32F1xx_HAL_Driver/Src/stm32f1xx_hal_dma.o
 .debug_aranges
                0x00000420       0x58 ./Drivers/STM32F1xx_HAL_Driver/Src/stm32f1xx_hal_gpio.o
 .debug_aranges
                0x00000478      0x120 ./Drivers/STM32F1xx_HAL_Driver/Src/stm32f1xx_hal_pcd.o
 .debug_aranges
                0x00000598       0x28 ./Drivers/STM32F1xx_HAL_Driver/Src/stm32f1xx_hal_pcd_ex.o
 .debug_aranges
                0x000005c0       0x90 ./Drivers/STM32F1xx_HAL_Driver/Src/stm32f1xx_hal_rcc.o
 .debug_aranges
                0x00000650       0x30 ./Drivers/STM32F1xx_HAL_Driver/Src/stm32f1xx_hal_rcc_ex.o
 .debug_aranges
                0x00000680      0x1d0 ./Drivers/STM32F1xx_HAL_Driver/Src/stm32f1xx_hal_uart.o
 .debug_aranges
                0x00000850      0x100 ./Drivers/STM32F1xx_HAL_Driver/Src/stm32f1xx_ll_usb.o
 .debug_aranges
                0x00000950       0x90 ./Middlewares/ST/STM32_USB_Device_Library/Class/CDC/Src/usbd_cdc.o
 .debug_aranges
                0x000009e0       0xb8 ./Middlewares/ST/STM32_USB_Device_Library/Core/Src/usbd_core.o
 .debug_aranges
                0x00000a98       0x88 ./Middlewares/ST/STM32_USB_Device_Library/Core/Src/usbd_ctlreq.o
 .debug_aranges
                0x00000b20       0x50 ./Middlewares/ST/STM32_USB_Device_Library/Core/Src/usbd_ioreq.o
 .debug_aranges
                0x00000b70       0x20 ./USB_DEVICE/App/usb_device.o
 .debug_aranges
                0x00000b90       0x40 ./USB_DEVICE/App/usbd_cdc_if.o
 .debug_aranges
                0x00000bd0       0x50 ./USB_DEVICE/App/usbd_desc.o
 .debug_aranges
                0x00000c20      0x110 ./USB_DEVICE/Target/usbd_conf.o

.debug_rnglists
                0x00000000      0x9be
 .debug_rnglists
                0x00000000       0x1f ./Core/Src/bill_validator.o
 .debug_rnglists
                0x0000001f       0x14 ./Core/Src/gpio.o
 .debug_rnglists
                0x00000033       0x5e ./Core/Src/main.o
 .debug_rnglists
                0x00000091       0x14 ./Core/Src/stm32f1xx_hal_msp.o
 .debug_rnglists
                0x000000a5       0x4f ./Core/Src/stm32f1xx_it.o
 .debug_rnglists
                0x000000f4       0x1a ./Core/Src/system_stm32f1xx.o
 .debug_rnglists
                0x0000010e       0x20 ./Core/Src/usart.o
 .debug_rnglists
                0x0000012e       0x19 ./Core/Startup/startup_stm32f103c8tx.o
 .debug_rnglists
                0x00000147       0x97 ./Drivers/STM32F1xx_HAL_Driver/Src/stm32f1xx_hal.o
 .debug_rnglists
                0x000001de       0xbb ./Drivers/STM32F1xx_HAL_Driver/Src/stm32f1xx_hal_cortex.o
 .debug_rnglists
                0x00000299       0x64 ./Drivers/STM32F1xx_HAL_Driver/Src/stm32f1xx_hal_dma.o
 .debug_rnglists
                0x000002fd       0x40 ./Drivers/STM32F1xx_HAL_Driver/Src/stm32f1xx_hal_gpio.o
 .debug_rnglists
                0x0000033d       0xda ./Drivers/STM32F1xx_HAL_Driver/Src/stm32f1xx_hal_pcd.o
 .debug_rnglists
                0x00000417       0x19 ./Drivers/STM32F1xx_HAL_Driver/Src/stm32f1xx_hal_pcd_ex.o
 .debug_rnglists
                0x00000430       0x6e ./Drivers/STM32F1xx_HAL_Driver/Src/stm32f1xx_hal_rcc.o
 .debug_rnglists
                0x0000049e       0x21 ./Drivers/STM32F1xx_HAL_Driver/Src/stm32f1xx_hal_rcc_ex.o
 .debug_rnglists
                0x000004bf      0x172 ./Drivers/STM32F1xx_HAL_Driver/Src/stm32f1xx_hal_uart.o
 .debug_rnglists
                0x00000631       0xc1 ./Drivers/STM32F1xx_HAL_Driver/Src/stm32f1xx_ll_usb.o
 .debug_rnglists
                0x000006f2       0x69 ./Middlewares/ST/STM32_USB_Device_Library/Class/CDC/Src/usbd_cdc.o
 .debug_rnglists
                0x0000075b       0x88 ./Middlewares/ST/STM32_USB_Device_Library/Core/Src/usbd_core.o
 .debug_rnglists
                0x000007e3       0x66 ./Middlewares/ST/STM32_USB_Device_Library/Core/Src/usbd_ctlreq.o
 .debug_rnglists
                0x00000849       0x37 ./Middlewares/ST/STM32_USB_Device_Library/Core/Src/usbd_ioreq.o
 .debug_rnglists
                0x00000880       0x13 ./USB_DEVICE/App/usb_device.o
 .debug_rnglists
                0x00000893       0x2c ./USB_DEVICE/App/usbd_cdc_if.o
 .debug_rnglists
                0x000008bf       0x37 ./USB_DEVICE/App/usbd_desc.o
 .debug_rnglists
                0x000008f6       0xc8 ./USB_DEVICE/Target/usbd_conf.o

.debug_macro    0x00000000    0x1755f
 .debug_macro   0x00000000       0x76 ./Core/Src/bill_validator.o
 .debug_macro   0x00000076      0xacc ./Core/Src/bill_validator.o
 .debug_macro   0x00000b42       0x22 ./Core/Src/bill_validator.o
 .debug_macro   0x00000b64       0x8e ./Core/Src/bill_validator.o
 .debug_macro   0x00000bf2       0x51 ./Core/Src/bill_validator.o
 .debug_macro   0x00000c43      0x103 ./Core/Src/bill_validator.o
 .debug_macro   0x00000d46       0x6a ./Core/Src/bill_validator.o
 .debug_macro   0x00000db0      0x1df ./Core/Src/bill_validator.o
 .debug_macro   0x00000f8f       0x22 ./Core/Src/bill_validator.o
 .debug_macro   0x00000fb1      0x28c ./Core/Src/gpio.o
 .debug_macro   0x0000123d       0x3a ./Core/Src/gpio.o
 .debug_macro   0x00001277      0x170 ./Core/Src/gpio.o
 .debug_macro   0x000013e7       0x2e ./Core/Src/gpio.o
 .debug_macro   0x00001415       0x22 ./Core/Src/gpio.o
 .debug_macro   0x00001437       0x1c ./Core/Src/gpio.o
 .debug_macro   0x00001453       0x22 ./Core/Src/gpio.o
 .debug_macro   0x00001475       0xbd ./Core/Src/gpio.o
 .debug_macro   0x00001532      0xd23 ./Core/Src/gpio.o
 .debug_macro   0x00002255     0xe90a ./Core/Src/gpio.o
 .debug_macro   0x00010b5f       0x43 ./Core/Src/gpio.o
 .debug_macro   0x00010ba2       0x61 ./Core/Src/gpio.o
 .debug_macro   0x00010c03       0x24 ./Core/Src/gpio.o
 .debug_macro   0x00010c27       0x43 ./Core/Src/gpio.o
 .debug_macro   0x00010c6a       0x34 ./Core/Src/gpio.o
 .debug_macro   0x00010c9e       0x16 ./Core/Src/gpio.o
 .debug_macro   0x00010cb4       0x9e ./Core/Src/gpio.o
 .debug_macro   0x00010d52      0x370 ./Core/Src/gpio.o
 .debug_macro   0x000110c2      0x112 ./Core/Src/gpio.o
 .debug_macro   0x000111d4       0x10 ./Core/Src/gpio.o
 .debug_macro   0x000111e4       0x16 ./Core/Src/gpio.o
 .debug_macro   0x000111fa       0x4a ./Core/Src/gpio.o
 .debug_macro   0x00011244       0x34 ./Core/Src/gpio.o
 .debug_macro   0x00011278       0x10 ./Core/Src/gpio.o
 .debug_macro   0x00011288       0x58 ./Core/Src/gpio.o
 .debug_macro   0x000112e0       0x8e ./Core/Src/gpio.o
 .debug_macro   0x0001136e       0x1c ./Core/Src/gpio.o
 .debug_macro   0x0001138a      0x185 ./Core/Src/gpio.o
 .debug_macro   0x0001150f       0x16 ./Core/Src/gpio.o
 .debug_macro   0x00011525       0x16 ./Core/Src/gpio.o
 .debug_macro   0x0001153b      0x146 ./Core/Src/gpio.o
 .debug_macro   0x00011681       0x57 ./Core/Src/gpio.o
 .debug_macro   0x000116d8      0x5c2 ./Core/Src/gpio.o
 .debug_macro   0x00011c9a      0x28a ./Core/Src/gpio.o
 .debug_macro   0x00011f24      0x1cb ./Core/Src/gpio.o
 .debug_macro   0x000120ef      0x11e ./Core/Src/gpio.o
 .debug_macro   0x0001220d      0x1b3 ./Core/Src/gpio.o
 .debug_macro   0x000123c0       0x27 ./Core/Src/gpio.o
 .debug_macro   0x000123e7      0x1bc ./Core/Src/gpio.o
 .debug_macro   0x000125a3       0x34 ./Core/Src/gpio.o
 .debug_macro   0x000125d7       0x3c ./Core/Src/gpio.o
 .debug_macro   0x00012613       0x57 ./Core/Src/gpio.o
 .debug_macro   0x0001266a       0x8c ./Core/Src/gpio.o
 .debug_macro   0x000126f6      0x242 ./Core/Src/gpio.o
 .debug_macro   0x00012938      0x143 ./Core/Src/gpio.o
 .debug_macro   0x00012a7b      0x26b ./Core/Src/gpio.o
 .debug_macro   0x00012ce6       0x50 ./Core/Src/gpio.o
 .debug_macro   0x00012d36      0x26c ./Core/Src/gpio.o
 .debug_macro   0x00012fa2       0x83 ./Core/Src/gpio.o
 .debug_macro   0x00013025      0x3a0 ./Core/Src/main.o
 .debug_macro   0x000133c5       0x16 ./Core/Src/main.o
 .debug_macro   0x000133db       0x3c ./Core/Src/main.o
 .debug_macro   0x00013417       0x16 ./Core/Src/main.o
 .debug_macro   0x0001342d       0x29 ./Core/Src/main.o
 .debug_macro   0x00013456       0x16 ./Core/Src/main.o
 .debug_macro   0x0001346c       0x20 ./Core/Src/main.o
 .debug_macro   0x0001348c       0x6a ./Core/Src/main.o
 .debug_macro   0x000134f6      0x1c3 ./Core/Src/main.o
 .debug_macro   0x000136b9       0x83 ./Core/Src/main.o
 .debug_macro   0x0001373c      0x282 ./Core/Src/stm32f1xx_hal_msp.o
 .debug_macro   0x000139be      0x28c ./Core/Src/stm32f1xx_it.o
 .debug_macro   0x00013c4a      0x288 ./Core/Src/system_stm32f1xx.o
 .debug_macro   0x00013ed2      0x296 ./Core/Src/usart.o
 .debug_macro   0x00014168      0x2a6 ./Drivers/STM32F1xx_HAL_Driver/Src/stm32f1xx_hal.o
 .debug_macro   0x0001440e      0x282 ./Drivers/STM32F1xx_HAL_Driver/Src/stm32f1xx_hal_cortex.o
 .debug_macro   0x00014690      0x282 ./Drivers/STM32F1xx_HAL_Driver/Src/stm32f1xx_hal_dma.o
 .debug_macro   0x00014912      0x2f2 ./Drivers/STM32F1xx_HAL_Driver/Src/stm32f1xx_hal_gpio.o
 .debug_macro   0x00014c04      0x28e ./Drivers/STM32F1xx_HAL_Driver/Src/stm32f1xx_hal_pcd.o
 .debug_macro   0x00014e92      0x282 ./Drivers/STM32F1xx_HAL_Driver/Src/stm32f1xx_hal_pcd_ex.o
 .debug_macro   0x00015114      0x294 ./Drivers/STM32F1xx_HAL_Driver/Src/stm32f1xx_hal_rcc.o
 .debug_macro   0x000153a8      0x282 ./Drivers/STM32F1xx_HAL_Driver/Src/stm32f1xx_hal_rcc_ex.o
 .debug_macro   0x0001562a      0x283 ./Drivers/STM32F1xx_HAL_Driver/Src/stm32f1xx_hal_uart.o
 .debug_macro   0x000158ad      0x282 ./Drivers/STM32F1xx_HAL_Driver/Src/stm32f1xx_ll_usb.o
 .debug_macro   0x00015b2f      0x347 ./Middlewares/ST/STM32_USB_Device_Library/Class/CDC/Src/usbd_cdc.o
 .debug_macro   0x00015e76      0x32e ./Middlewares/ST/STM32_USB_Device_Library/Core/Src/usbd_core.o
 .debug_macro   0x000161a4      0x32e ./Middlewares/ST/STM32_USB_Device_Library/Core/Src/usbd_ctlreq.o
 .debug_macro   0x000164d2      0x32a ./Middlewares/ST/STM32_USB_Device_Library/Core/Src/usbd_ioreq.o
 .debug_macro   0x000167fc      0x365 ./USB_DEVICE/App/usb_device.o
 .debug_macro   0x00016b61      0x34f ./USB_DEVICE/App/usbd_cdc_if.o
 .debug_macro   0x00016eb0      0x368 ./USB_DEVICE/App/usbd_desc.o
 .debug_macro   0x00017218      0x347 ./USB_DEVICE/Target/usbd_conf.o

.debug_line     0x00000000    0x11e43
 .debug_line    0x00000000      0x400 ./Core/Src/bill_validator.o
 .debug_line    0x00000400      0x7e7 ./Core/Src/gpio.o
 .debug_line    0x00000be7      0xbdb ./Core/Src/main.o
 .debug_line    0x000017c2      0x7ac ./Core/Src/stm32f1xx_hal_msp.o
 .debug_line    0x00001f6e      0x89a ./Core/Src/stm32f1xx_it.o
 .debug_line    0x00002808      0x85a ./Core/Src/system_stm32f1xx.o
 .debug_line    0x00003062      0x81f ./Core/Src/usart.o
 .debug_line    0x00003881       0x78 ./Core/Startup/startup_stm32f103c8tx.o
 .debug_line    0x000038f9      0xa53 ./Drivers/STM32F1xx_HAL_Driver/Src/stm32f1xx_hal.o
 .debug_line    0x0000434c      0xcb4 ./Drivers/STM32F1xx_HAL_Driver/Src/stm32f1xx_hal_cortex.o
 .debug_line    0x00005000      0xf33 ./Drivers/STM32F1xx_HAL_Driver/Src/stm32f1xx_hal_dma.o
 .debug_line    0x00005f33      0xc0a ./Drivers/STM32F1xx_HAL_Driver/Src/stm32f1xx_hal_gpio.o
 .debug_line    0x00006b3d     0x1020 ./Drivers/STM32F1xx_HAL_Driver/Src/stm32f1xx_hal_pcd.o
 .debug_line    0x00007b5d      0x7fe ./Drivers/STM32F1xx_HAL_Driver/Src/stm32f1xx_hal_pcd_ex.o
 .debug_line    0x0000835b     0x10de ./Drivers/STM32F1xx_HAL_Driver/Src/stm32f1xx_hal_rcc.o
 .debug_line    0x00009439      0xa23 ./Drivers/STM32F1xx_HAL_Driver/Src/stm32f1xx_hal_rcc_ex.o
 .debug_line    0x00009e5c     0x17f6 ./Drivers/STM32F1xx_HAL_Driver/Src/stm32f1xx_hal_uart.o
 .debug_line    0x0000b652      0xe93 ./Drivers/STM32F1xx_HAL_Driver/Src/stm32f1xx_ll_usb.o
 .debug_line    0x0000c4e5      0xbdd ./Middlewares/ST/STM32_USB_Device_Library/Class/CDC/Src/usbd_cdc.o
 .debug_line    0x0000d0c2      0xc5c ./Middlewares/ST/STM32_USB_Device_Library/Core/Src/usbd_core.o
 .debug_line    0x0000dd1e      0xdcc ./Middlewares/ST/STM32_USB_Device_Library/Core/Src/usbd_ctlreq.o
 .debug_line    0x0000eaea      0x96d ./Middlewares/ST/STM32_USB_Device_Library/Core/Src/usbd_ioreq.o
 .debug_line    0x0000f457      0x908 ./USB_DEVICE/App/usb_device.o
 .debug_line    0x0000fd5f      0x973 ./USB_DEVICE/App/usbd_cdc_if.o
 .debug_line    0x000106d2      0x949 ./USB_DEVICE/App/usbd_desc.o
 .debug_line    0x0001101b      0xe28 ./USB_DEVICE/Target/usbd_conf.o

.debug_str      0x00000000    0x707c2
 .debug_str     0x00000000    0x707c2 ./Core/Src/bill_validator.o
                               0x41b8 (size before relaxing)
 .debug_str     0x000707c2    0x6c29d ./Core/Src/gpio.o
 .debug_str     0x000707c2    0x6de14 ./Core/Src/main.o
 .debug_str     0x000707c2    0x6c538 ./Core/Src/stm32f1xx_hal_msp.o
 .debug_str     0x000707c2    0x6c91a ./Core/Src/stm32f1xx_it.o
 .debug_str     0x000707c2    0x6c2d6 ./Core/Src/system_stm32f1xx.o
 .debug_str     0x000707c2    0x6c9a9 ./Core/Src/usart.o
 .debug_str     0x000707c2       0xa7 ./Core/Startup/startup_stm32f103c8tx.o
 .debug_str     0x000707c2    0x6c986 ./Drivers/STM32F1xx_HAL_Driver/Src/stm32f1xx_hal.o
 .debug_str     0x000707c2    0x6c8e9 ./Drivers/STM32F1xx_HAL_Driver/Src/stm32f1xx_hal_cortex.o
 .debug_str     0x000707c2    0x6c625 ./Drivers/STM32F1xx_HAL_Driver/Src/stm32f1xx_hal_dma.o
 .debug_str     0x000707c2    0x6c608 ./Drivers/STM32F1xx_HAL_Driver/Src/stm32f1xx_hal_gpio.o
 .debug_str     0x000707c2    0x6ca86 ./Drivers/STM32F1xx_HAL_Driver/Src/stm32f1xx_hal_pcd.o
 .debug_str     0x000707c2    0x6c545 ./Drivers/STM32F1xx_HAL_Driver/Src/stm32f1xx_hal_pcd_ex.o
 .debug_str     0x000707c2    0x6c683 ./Drivers/STM32F1xx_HAL_Driver/Src/stm32f1xx_hal_rcc.o
 .debug_str     0x000707c2    0x6c3e9 ./Drivers/STM32F1xx_HAL_Driver/Src/stm32f1xx_hal_rcc_ex.o
 .debug_str     0x000707c2    0x6cb76 ./Drivers/STM32F1xx_HAL_Driver/Src/stm32f1xx_hal_uart.o
 .debug_str     0x000707c2    0x6c718 ./Drivers/STM32F1xx_HAL_Driver/Src/stm32f1xx_ll_usb.o
 .debug_str     0x000707c2    0x6d5f0 ./Middlewares/ST/STM32_USB_Device_Library/Class/CDC/Src/usbd_cdc.o
 .debug_str     0x000707c2    0x6d2a6 ./Middlewares/ST/STM32_USB_Device_Library/Core/Src/usbd_core.o
 .debug_str     0x000707c2    0x6d1c0 ./Middlewares/ST/STM32_USB_Device_Library/Core/Src/usbd_ctlreq.o
 .debug_str     0x000707c2    0x6d0ed ./Middlewares/ST/STM32_USB_Device_Library/Core/Src/usbd_ioreq.o
 .debug_str     0x000707c2    0x6d397 ./USB_DEVICE/App/usb_device.o
 .debug_str     0x000707c2    0x6d488 ./USB_DEVICE/App/usbd_cdc_if.o
 .debug_str     0x000707c2    0x6cf70 ./USB_DEVICE/App/usbd_desc.o
 .debug_str     0x000707c2    0x6de35 ./USB_DEVICE/Target/usbd_conf.o

.comment        0x00000000       0x43
 .comment       0x00000000       0x43 ./Core/Src/bill_validator.o
                                 0x44 (size before relaxing)
 .comment       0x00000043       0x44 ./Core/Src/gpio.o
 .comment       0x00000043       0x44 ./Core/Src/main.o
 .comment       0x00000043       0x44 ./Core/Src/stm32f1xx_hal_msp.o
 .comment       0x00000043       0x44 ./Core/Src/stm32f1xx_it.o
 .comment       0x00000043       0x44 ./Core/Src/system_stm32f1xx.o
 .comment       0x00000043       0x44 ./Core/Src/usart.o
 .comment       0x00000043       0x44 ./Drivers/STM32F1xx_HAL_Driver/Src/stm32f1xx_hal.o
 .comment       0x00000043       0x44 ./Drivers/STM32F1xx_HAL_Driver/Src/stm32f1xx_hal_cortex.o
 .comment       0x00000043       0x44 ./Drivers/STM32F1xx_HAL_Driver/Src/stm32f1xx_hal_dma.o
 .comment       0x00000043       0x44 ./Drivers/STM32F1xx_HAL_Driver/Src/stm32f1xx_hal_gpio.o
 .comment       0x00000043       0x44 ./Drivers/STM32F1xx_HAL_Driver/Src/stm32f1xx_hal_pcd.o
 .comment       0x00000043       0x44 ./Drivers/STM32F1xx_HAL_Driver/Src/stm32f1xx_hal_pcd_ex.o
 .comment       0x00000043       0x44 ./Drivers/STM32F1xx_HAL_Driver/Src/stm32f1xx_hal_rcc.o
 .comment       0x00000043       0x44 ./Drivers/STM32F1xx_HAL_Driver/Src/stm32f1xx_hal_rcc_ex.o
 .comment       0x00000043       0x44 ./Drivers/STM32F1xx_HAL_Driver/Src/stm32f1xx_hal_uart.o
 .comment       0x00000043       0x44 ./Drivers/STM32F1xx_HAL_Driver/Src/stm32f1xx_ll_usb.o
 .comment       0x00000043       0x44 ./Middlewares/ST/STM32_USB_Device_Library/Class/CDC/Src/usbd_cdc.o
 .comment       0x00000043       0x44 ./Middlewares/ST/STM32_USB_Device_Library/Core/Src/usbd_core.o
 .comment       0x00000043       0x44 ./Middlewares/ST/STM32_USB_Device_Library/Core/Src/usbd_ctlreq.o
 .comment       0x00000043       0x44 ./Middlewares/ST/STM32_USB_Device_Library/Core/Src/usbd_ioreq.o
 .comment       0x00000043       0x44 ./USB_DEVICE/App/usb_device.o
 .comment       0x00000043       0x44 ./USB_DEVICE/App/usbd_cdc_if.o
 .comment       0x00000043       0x44 ./USB_DEVICE/App/usbd_desc.o
 .comment       0x00000043       0x44 ./USB_DEVICE/Target/usbd_conf.o

.debug_frame    0x00000000     0x32b4
 .debug_frame   0x00000000       0x70 ./Core/Src/bill_validator.o
 .debug_frame   0x00000070       0x34 ./Core/Src/gpio.o
 .debug_frame   0x000000a4      0x190 ./Core/Src/main.o
 .debug_frame   0x00000234       0x34 ./Core/Src/stm32f1xx_hal_msp.o
 .debug_frame   0x00000268      0x144 ./Core/Src/stm32f1xx_it.o
 .debug_frame   0x000003ac       0x58 ./Core/Src/system_stm32f1xx.o
 .debug_frame   0x00000404       0x74 ./Core/Src/usart.o
 .debug_frame   0x00000478      0x2fc ./Drivers/STM32F1xx_HAL_Driver/Src/stm32f1xx_hal.o
 .debug_frame   0x00000774      0x424 ./Drivers/STM32F1xx_HAL_Driver/Src/stm32f1xx_hal_cortex.o
 .debug_frame   0x00000b98      0x200 ./Drivers/STM32F1xx_HAL_Driver/Src/stm32f1xx_hal_dma.o
 .debug_frame   0x00000d98      0x138 ./Drivers/STM32F1xx_HAL_Driver/Src/stm32f1xx_hal_gpio.o
 .debug_frame   0x00000ed0      0x4fc ./Drivers/STM32F1xx_HAL_Driver/Src/stm32f1xx_hal_pcd.o
 .debug_frame   0x000013cc       0x60 ./Drivers/STM32F1xx_HAL_Driver/Src/stm32f1xx_hal_pcd_ex.o
 .debug_frame   0x0000142c      0x218 ./Drivers/STM32F1xx_HAL_Driver/Src/stm32f1xx_hal_rcc.o
 .debug_frame   0x00001644       0x84 ./Drivers/STM32F1xx_HAL_Driver/Src/stm32f1xx_hal_rcc_ex.o
 .debug_frame   0x000016c8      0x830 ./Drivers/STM32F1xx_HAL_Driver/Src/stm32f1xx_hal_uart.o
 .debug_frame   0x00001ef8      0x4b4 ./Drivers/STM32F1xx_HAL_Driver/Src/stm32f1xx_ll_usb.o
 .debug_frame   0x000023ac      0x24c ./Middlewares/ST/STM32_USB_Device_Library/Class/CDC/Src/usbd_cdc.o
 .debug_frame   0x000025f8      0x300 ./Middlewares/ST/STM32_USB_Device_Library/Core/Src/usbd_core.o
 .debug_frame   0x000028f8      0x210 ./Middlewares/ST/STM32_USB_Device_Library/Core/Src/usbd_ctlreq.o
 .debug_frame   0x00002b08      0x10c ./Middlewares/ST/STM32_USB_Device_Library/Core/Src/usbd_ioreq.o
 .debug_frame   0x00002c14       0x2c ./USB_DEVICE/App/usb_device.o
 .debug_frame   0x00002c40       0xb8 ./USB_DEVICE/App/usbd_cdc_if.o
 .debug_frame   0x00002cf8      0x114 ./USB_DEVICE/App/usbd_desc.o
 .debug_frame   0x00002e0c      0x47c ./USB_DEVICE/Target/usbd_conf.o
 .debug_frame   0x00003288       0x2c /Applications/STM32CubeIDE.app/Contents/Eclipse/plugins/com.st.stm32cube.ide.mcu.externaltools.gnu-tools-for-stm32.13.3.rel1.macos64_1.0.0.202411102158/tools/bin/../lib/gcc/arm-none-eabi/13.3.1/../../../../arm-none-eabi/lib/thumb/v7-m/nofp/libc_nano.a(libc_a-init.o)

.debug_line_str
                0x00000000       0x8b
 .debug_line_str
                0x00000000       0x8b ./Core/Startup/startup_stm32f103c8tx.o
